07-05 21:34:52.254  2270  2270 D MediaControlPanel: mActionButtonNumCollapsed = 3, mActionButtonNumExpand = 4
07-05 21:34:52.254  2270  2270 D MediaControlPanel: mActionButtonNumCollapsed = 3, mActionButtonNumExpand = 4
07-05 21:34:52.255  2270  2270 D MediaControlPanel: mActionButtonNumCollapsed = 3, mActionButtonNumExpand = 4
07-05 21:34:52.255  2270  2270 D MediaControlPanel: mActionButtonNumCollapsed = 3, mActionButtonNumExpand = 4
07-05 21:34:52.264 24200 27997 D UE4     : LogPluginManager: Mounting plugin EditableMesh
07-05 21:34:52.267  2270  2270 I AODBatteryManager: updateBatteryData: ACTION_BATTERY_CHANGED
07-05 21:34:52.268  2270  2270 I AODBatteryManager: saveBatteryData : AOD BatteryData [mBatteryLevel=98, mBatteryStatus=CHARGING, mBatteryPlugType=USB, mBatteryPlugged=true, mRemainingChargeTime=499000, mBatteryChargingType=1, mBatteryChargerType=NORMAL, mBatteryOnline=USB, mBatterySwellingMode=NONE]
07-05 21:34:52.274  2270  2360 D NetworkController.SecMobileSignalController(0/1): onSignalStrengthsChanged level=4
07-05 21:34:52.274  2270  2360 D MobileSignalIconsSelector: getDataIconGroup(): 1000
07-05 21:34:52.275  2270  2270 D SystemUI-Operator: isSIMandOperatorMatched() simNumeric:45005, SIM is matched!!!
07-05 21:34:52.280 24200 27997 D UE4     : LogPluginManager: Mounting plugin ExampleDeviceProfileSelector
07-05 21:34:52.291 24200 27997 D UE4     : LogPluginManager: Mounting plugin GoogleCloudMessaging
07-05 21:34:52.305 24200 27997 D UE4     : LogPluginManager: Mounting plugin GooglePAD
07-05 21:34:52.324 24200 27997 D UE4     : LogPluginManager: Mounting plugin LocationServicesBPLibrary
07-05 21:34:52.342 24200 27997 D UE4     : LogPluginManager: Mounting plugin MobilePatchingUtils
07-05 21:34:52.362 24200 27997 D UE4     : LogPluginManager: Mounting plugin OculusVR
07-05 21:34:52.405 24200 27997 D UE4     : LogPluginManager: Mounting plugin PhysXVehicles
07-05 21:34:52.431 24200 27997 D UE4     : LogPluginManager: Mounting plugin ProceduralMeshComponent
07-05 21:34:52.449 24200 27997 D UE4     : LogPluginManager: Mounting plugin RuntimePhysXCooking
07-05 21:34:52.482 24200 27997 D UE4     : LogPluginManager: Mounting plugin SignificanceManager
07-05 21:34:52.511 24200 27997 D UE4     : LogPluginManager: Mounting plugin SoundFields
07-05 21:34:52.516  2270  2360 D NetworkController.SecMobileSignalController(0/1): onSignalStrengthsChanged level=4
07-05 21:34:52.518  2270  2360 D MobileSignalIconsSelector: getDataIconGroup(): 1000
07-05 21:34:52.518  2270  2270 D SystemUI-Operator: isSIMandOperatorMatched() simNumeric:45005, SIM is matched!!!
07-05 21:34:52.531 24200 27997 D UE4     : LogPluginManager: Mounting plugin Synthesis
07-05 21:34:52.549   674   674 I io_stats: !@   8,0 r 17819029 443585136 w 8296699 236735172 d 5224617 422470748 f 6692006 7893822 iot 7421412 5721195 th 102400 102400 67876 pt 56 inp 0 0 788799.809
07-05 21:34:52.566 24200 27997 D UE4     : LogPluginManager: Mounting plugin ScreenshotTools
07-05 21:34:52.602 24200 27991 V UE4     : [NetworkChangedManager] Connectivity hasn't changed. Current state: CONNECTION_AVAILABLE
07-05 21:34:52.602 24200 27991 V UE4     : [NetworkChangedManager] Full network check complete. State: CONNECTION_AVAILABLE
07-05 21:34:52.633 24200 27997 D UE4     : LogInit: Using libcurl 7.46.0
07-05 21:34:52.633 19588 31134 E nightwatch-target: lmkd signal waiters
07-05 21:34:52.633 24200 27997 D UE4     : LogInit:  - built for arm-unknown-linux-androideabi
07-05 21:34:52.633 24200 27997 D UE4     : LogInit:  - supports SSL with OpenSSL/1.0.1s
07-05 21:34:52.633 24200 27997 D UE4     : LogInit:  - supports HTTP deflate (compression) using libz 1.2.11
07-05 21:34:52.633 24200 27997 D UE4     : LogInit:  - other features:
07-05 21:34:52.633 24200 27997 D UE4     : LogInit:      CURL_VERSION_SSL
07-05 21:34:52.633 24200 27997 D UE4     : LogInit:      CURL_VERSION_LIBZ
07-05 21:34:52.633 24200 27997 D UE4     : LogInit:      CURL_VERSION_IPV6
07-05 21:34:52.633 24200 27997 D UE4     : LogInit:      CURL_VERSION_ASYNCHDNS
07-05 21:34:52.633 24200 27997 D UE4     : LogInit:      CURL_VERSION_TLSAUTH_SRP
07-05 21:34:52.633 24200 27997 D UE4     : LogInit:  CurlRequestOptions (configurable via config and command line):
07-05 21:34:52.634 24200 27997 D UE4     : LogInit:  - bVerifyPeer = true  - Libcurl will verify peer certificate
07-05 21:34:52.634 24200 27997 D UE4     : LogInit:  - bUseHttpProxy = false  - Libcurl will NOT use HTTP proxy
07-05 21:34:52.634 24200 27997 D UE4     : LogInit:  - bDontReuseConnections = false  - Libcurl will reuse connections
07-05 21:34:52.634 24200 27997 D UE4     : LogInit:  - MaxHostConnections = 16  - Libcurl will limit the number of connections to a host
07-05 21:34:52.634 24200 27997 D UE4     : LogInit:  - LocalHostAddr = Default
07-05 21:34:52.634 24200 27997 D UE4     : LogInit:  - BufferSize = 65536
07-05 21:34:52.634 24200 27997 D UE4     : LogOnline: Display: OSS: OnlineSubsystemGooglePlayModule::StartupModule()
07-05 21:34:52.634 24200 27997 D UE4     : LogOnline: OSS: Creating online subsystem instance for: GooglePlay
07-05 21:34:52.634 24200 27997 D UE4     : LogOnline: Warning: OSS: FOnlineSubsystemGooglePlayModule was disabled
07-05 21:34:52.635 24200 27997 D UE4     : LogOnline: OSS: Unable to create OnlineSubsystem module GooglePlay
07-05 21:34:52.635 24200 27997 D UE4     : LogOnline: OSS: Creating online subsystem instance for: NULL
07-05 21:34:52.635 24200 27997 D UE4     : LogOnline: OSS: TryLoadSubsystemAndSetDefault: Loaded subsystem for module [NULL]
07-05 21:34:52.635 24200 27997 D UE4     : LogOnline: OSS: Creating online subsystem instance for: GooglePlay
07-05 21:34:52.635 24200 27997 D UE4     : LogOnline: Warning: OSS: FOnlineSubsystemGooglePlayModule was disabled
07-05 21:34:52.635 24200 27997 D UE4     : LogHMD: App is not packaged for Oculus Mobile
07-05 21:34:52.635 24200 27997 D UE4     : LogInit: Build: ++UE4+Release-4.25-CL-14469661
07-05 21:34:52.635 24200 27997 D UE4     : LogInit: Engine Version: 4.25.4-14469661+++UE4+Release-4.25
07-05 21:34:52.635 24200 27997 D UE4     : LogInit: Compatible Engine Version: 4.25.0-13144385+++UE4+Release-4.25
07-05 21:34:52.635 24200 27997 D UE4     : LogInit: Net CL: 13144385
07-05 21:34:52.636 24200 27997 D UE4     : LogInit: OS: Android (11), CPU: SM-G986N, GPU: Adreno (TM) 650
07-05 21:34:52.636 24200 27997 D UE4     : LogInit: Compiled (32-bit): Oct 11 2020 08:32:10
07-05 21:34:52.636 24200 27997 D UE4     : LogInit: Compiled with Clang: 9.0.8 (https://android.googlesource.com/toolchain/llvm-project e0caee08e5f09b374a27a676d04978c81fcb1928)
07-05 21:34:52.636 24200 27997 D UE4     : LogInit: Build Configuration: Development
07-05 21:34:52.636 24200 27997 D UE4     : LogInit: Branch Name: ++UE4+Release-4.25
07-05 21:34:52.636 24200 27997 D UE4     : LogInit: Command Line:   /Game/MobileStarterContent/Maps/Minimal_Default -Messaging -SessionId=7A01BEF7479F1FB2BF6F90B2CB7FD964 -SessionOwner="ManDu" -SessionName="Launch On Device" -iterative
07-05 21:34:52.636 24200 27997 D UE4     : LogInit: Base Directory: 
07-05 21:34:52.636 24200 27997 D UE4     : LogInit: Allocator: binned
07-05 21:34:52.636 24200 27997 D UE4     : LogInit: Installed Engine Build: 0
07-05 21:34:52.636 24200 27997 D UE4     : LogDevObjectVersion: Number of dev versions registered: 26
07-05 21:34:52.636 24200 27997 D UE4     : LogDevObjectVersion:   Dev-Blueprints (B0D832E4-1F89-4F0D-ACCF-7EB736FD4AA2): 10
07-05 21:34:52.636 24200 27997 D UE4     : LogDevObjectVersion:   Dev-Build (E1C64328-A22C-4D53-A36C-8E866417BD8C): 0
07-05 21:34:52.636 24200 27997 D UE4     : LogDevObjectVersion:   Dev-Core (375EC13C-06E4-48FB-B500-84F0262A717E): 4
07-05 21:34:52.636 24200 27997 D UE4     : LogDevObjectVersion:   Dev-Editor (E4B068ED-F494-42E9-A231-DA0B2E46BB41): 38
07-05 21:34:52.636 24200 27997 D UE4     : LogDevObjectVersion:   Dev-Framework (CFFC743F-43B0-4480-9391-14DF171D2073): 37
07-05 21:34:52.636 24200 27997 D UE4     : LogDevObjectVersion:   Dev-Mobile (B02B49B5-BB20-44E9-A304-32B752E40360): 2
07-05 21:34:52.636 24200 27997 D UE4     : LogDevObjectVersion:   Dev-Networking (A4E4105C-59A1-49B5-A7C5-40C4547EDFEE): 0
07-05 21:34:52.636 24200 27997 D UE4     : LogDevObjectVersion:   Dev-Online (39C831C9-5AE6-47DC-9A44-9C173E1C8E7C): 0
07-05 21:34:52.636 24200 27997 D UE4     : LogDevObjectVersion:   Dev-Physics (78F01B33-EBEA-4F98-B9B4-84EACCB95AA2): 4
07-05 21:34:52.636 24200 27997 D UE4     : LogDevObjectVersion:   Dev-Platform (6631380F-2D4D-43E0-8009-CF276956A95A): 0
07-05 21:34:52.636 24200 27997 D UE4     : LogDevObjectVersion:   Dev-Rendering (12F88B9F-8875-4AFC-A67C-D90C383ABD29): 43
07-05 21:34:52.636 24200 27997 D UE4     : LogDevObjectVersion:   Dev-Sequencer (7B5AE74C-D270-4C10-A958-57980B212A5A): 12
07-05 21:34:52.636 24200 27997 D UE4     : LogDevObjectVersion:   Dev-VR (D7296918-1DD6-4BDD-9DE2-64A83CC13884): 3
07-05 21:34:52.636 24200 27997 D UE4     : LogDevObjectVersion:   Dev-LoadTimes (C2A15278-BFE7-4AFE-6C17-90FF531DF755): 1
07-05 21:34:52.636 24200 27997 D UE4     : LogDevObjectVersion:   Private-Geometry (6EACA3D4-40EC-4CC1-B786-8BED09428FC5): 3
07-05 21:34:52.636 24200 27997 D UE4     : LogDevObjectVersion:   Dev-AnimPhys (29E575DD-E0A3-4627-9D10-D276232CDCEA): 17
07-05 21:34:52.636 24200 27997 D UE4     : LogDevObjectVersion:   Dev-Anim (AF43A65D-7FD3-4947-9873-3E8ED9C1BB05): 7
07-05 21:34:52.636 24200 27997 D UE4     : LogDevObjectVersion:   Dev-ReflectionCapture (6B266CEC-1EC7-4B8F-A30B-E4D90942FC07): 1
07-05 21:34:52.636 24200 27997 D UE4     : LogDevObjectVersion:   Dev-Automation (0DF73D61-A23F-47EA-B727-89E90C41499A): 1
07-05 21:34:52.636 24200 27997 D UE4     : LogDevObjectVersion:   FortniteMain (601D1886-AC64-4F84-AA16-D3DE0DEAC7D6): 31
07-05 21:34:52.636 24200 27997 D UE4     : LogDevObjectVersion:   Dev-Enterprise (9DFFBCD6-494F-0158-E221-12823C92A888): 10
07-05 21:34:52.636 24200 27997 D UE4     : LogDevObjectVersion:   Dev-Niagara (F2AED0AC-9AFE-416F-8664-AA7FFA26D6FC): 1
07-05 21:34:52.636 24200 27997 D UE4     : LogDevObjectVersion:   Dev-Destruction (174F1F0B-B4C6-45A5-B13F-2EE8D0FB917D): 10
07-05 21:34:52.636 24200 27997 D UE4     : LogDevObjectVersion:   Dev-Physics-Ext (35F94A83-E258-406C-A318-09F59610247C): 37
07-05 21:34:52.636 24200 27997 D UE4     : LogDevObjectVersion:   Dev-PhysicsMaterial-Chaos (B68FC16E-8B1B-42E2-B453-215C058844FE): 1
07-05 21:34:52.636 24200 27997 D UE4     : LogDevObjectVersion:   Dev-CineCamera (B2E18506-4273-CFC2-A54E-F4BB758BBA07): 1
07-05 21:34:52.708  4744  7756 I MediaProvider: Deleted 1 items on external_primary due to com.YourCompany.ObjectPool
07-05 21:34:52.730 24200 27997 D UE4     : LogInit: Presizing for max 131072 objects, including 1 objects not considered by GC, pre-allocating 0 bytes for permanent pool.
07-05 21:34:52.731 24200 27997 D UE4     : LogConfig: Applying CVar settings from Section [/Script/Engine.StreamingSettings] File [../../../ObjectPool/Saved/Config/Android/Engine.ini]
07-05 21:34:52.731 24200 27997 D UE4     : LogConfig: Setting CVar [[s.MinBulkDataSizeForAsyncLoading:131072]]
07-05 21:34:52.731 24200 27997 D UE4     : LogConfig: Setting CVar [[s.AsyncLoadingThreadEnabled:0]]
07-05 21:34:52.732 24200 27997 D UE4     : LogConfig: Setting CVar [[s.EventDrivenLoaderEnabled:1]]
07-05 21:34:52.732 24200 27997 D UE4     : LogConfig: Setting CVar [[s.WarnIfTimeLimitExceeded:0]]
07-05 21:34:52.732 24200 27997 D UE4     : LogConfig: Setting CVar [[s.TimeLimitExceededMultiplier:1.5]]
07-05 21:34:52.732 24200 27997 D UE4     : LogConfig: Setting CVar [[s.TimeLimitExceededMinTime:0.005]]
07-05 21:34:52.732 24200 27997 D UE4     : LogConfig: Setting CVar [[s.UseBackgroundLevelStreaming:1]]
07-05 21:34:52.732 24200 27997 D UE4     : LogConfig: Setting CVar [[s.PriorityAsyncLoadingExtraTime:15.0]]
07-05 21:34:52.732 24200 27997 D UE4     : LogConfig: Setting CVar [[s.LevelStreamingActorsUpdateTimeLimit:5.0]]
07-05 21:34:52.732 24200 27997 D UE4     : LogConfig: Setting CVar [[s.PriorityLevelStreamingActorsUpdateExtraTime:5.0]]
07-05 21:34:52.732 24200 27997 D UE4     : LogConfig: Setting CVar [[s.LevelStreamingComponentsRegistrationGranularity:10]]
07-05 21:34:52.732 24200 27997 D UE4     : LogConfig: Setting CVar [[s.UnregisterComponentsTimeLimit:1.0]]
07-05 21:34:52.732 24200 27997 D UE4     : LogConfig: Setting CVar [[s.LevelStreamingComponentsUnregistrationGranularity:5]]
07-05 21:34:52.732 24200 27997 D UE4     : LogConfig: Setting CVar [[s.FlushStreamingOnExit:1]]
07-05 21:34:52.732 24200 27997 D UE4     : LogStreaming: Display: Async Loading initialized: Event Driven Loader: true, Async Loading Thread: false, Async Post Load: true
07-05 21:34:52.742 24200 27997 D UE4     : LogInit: Object subsystem initialized
07-05 21:34:52.744 24200 27997 D UE4     : LogConfig: Setting CVar [[con.DebugEarlyDefault:1]]
07-05 21:34:52.744 24200 27997 D UE4     : [2021.07.05-12.34.52:744][  0]LogConfig: Setting CVar [[con.DebugEarlyDefault:1]]
07-05 21:34:52.744 24200 27997 D UE4     : [2021.07.05-12.34.52:744][  0]LogConfig: Applying CVar settings from Section [/Script/Engine.RendererSettings] File [../../../ObjectPool/Saved/Config/Android/Engine.ini]
07-05 21:34:52.744 24200 27997 D UE4     : [2021.07.05-12.34.52:744][  0]LogConfig: Setting CVar [[r.GPUCrashDebugging:0]]
07-05 21:34:52.744 24200 27997 D UE4     : [2021.07.05-12.34.52:744][  0]LogConfig: Setting CVar [[r.Mobile.DisableVertexFog:1]]
07-05 21:34:52.744 24200 27997 D UE4     : [2021.07.05-12.34.52:744][  0]LogConfig: Setting CVar [[r.Shadow.CSM.MaxMobileCascades:2]]
07-05 21:34:52.744 24200 27997 D UE4     : [2021.07.05-12.34.52:744][  0]LogConfig: Setting CVar [[r.MobileMSAA:1]]
07-05 21:34:52.744 24200 27997 D UE4     : [2021.07.05-12.34.52:744][  0]LogConfig: Setting CVar [[r.Mobile.UseLegacyShadingModel:0]]
07-05 21:34:52.744 24200 27997 D UE4     : [2021.07.05-12.34.52:744][  0]LogConfig: Setting CVar [[r.Mobile.AllowDitheredLODTransition:0]]
07-05 21:34:52.744 24200 27997 D UE4     : [2021.07.05-12.34.52:744][  0]LogConfig: Setting CVar [[r.Mobile.AllowSoftwareOcclusion:0]]
07-05 21:34:52.744 24200 27997 D UE4     : [2021.07.05-12.34.52:744][  0]LogConfig: Setting CVar [[r.Mobile.VirtualTextures:0]]
07-05 21:34:52.744 24200 27997 D UE4     : [2021.07.05-12.34.52:744][  0]LogConfig: Setting CVar [[r.DiscardUnusedQuality:0]]
07-05 21:34:52.744 24200 27997 D UE4     : [2021.07.05-12.34.52:744][  0]LogConfig: Setting CVar [[r.AllowOcclusionQueries:1]]
07-05 21:34:52.744 24200 27997 D UE4     : [2021.07.05-12.34.52:744][  0]LogConfig: Setting CVar [[r.MinScreenRadiusForLights:0.030000]]
07-05 21:34:52.745 24200 27997 D UE4     : [2021.07.05-12.34.52:744][  0]LogConfig: Setting CVar [[r.MinScreenRadiusForDepthPrepass:0.030000]]
07-05 21:34:52.745 24200 27997 D UE4     : [2021.07.05-12.34.52:745][  0]LogConfig: Setting CVar [[r.MinScreenRadiusForCSMDepth:0.010000]]
07-05 21:34:52.745 24200 27997 D UE4     : [2021.07.05-12.34.52:745][  0]LogConfig: Setting CVar [[r.PrecomputedVisibilityWarning:0]]
07-05 21:34:52.745 24200 27997 D UE4     : [2021.07.05-12.34.52:745][  0]LogConfig: Setting CVar [[r.TextureStreaming:1]]
07-05 21:34:52.745 24200 27997 D UE4     : [2021.07.05-12.34.52:745][  0]LogConfig: Setting CVar [[Compat.UseDXT5NormalMaps:0]]
07-05 21:34:52.745 24200 27997 D UE4     : [2021.07.05-12.34.52:745][  0]LogConfig: Setting CVar [[r.VirtualTextures:0]]
07-05 21:34:52.745 24200 27997 D UE4     : [2021.07.05-12.34.52:745][  0]LogConfig: Setting CVar [[r.VirtualTexturedLightmaps:0]]
07-05 21:34:52.745 24200 27997 D UE4     : [2021.07.05-12.34.52:745][  0]LogConfig: Setting CVar [[r.VT.TileSize:128]]
07-05 21:34:52.745 24200 27997 D UE4     : [2021.07.05-12.34.52:745][  0]LogConfig: Setting CVar [[r.VT.TileBorderSize:4]]
07-05 21:34:52.745 24200 27997 D UE4     : [2021.07.05-12.34.52:745][  0]LogConfig: Setting CVar [[r.vt.FeedbackFactor:16]]
07-05 21:34:52.745 24200 27997 D UE4     : [2021.07.05-12.34.52:745][  0]LogConfig: Setting CVar [[r.VT.EnableCompressZlib:1]]
07-05 21:34:52.745 24200 27997 D UE4     : [2021.07.05-12.34.52:745][  0]LogConfig: Setting CVar [[r.VT.EnableCompressCrunch:0]]
07-05 21:34:52.745 24200 27997 D UE4     : [2021.07.05-12.34.52:745][  0]LogConfig: Setting CVar [[r.ClearCoatNormal:0]]
07-05 21:34:52.745 24200 27997 D UE4     : [2021.07.05-12.34.52:745][  0]LogConfig: Setting CVar [[r.AnisotropicBRDF:0]]
07-05 21:34:52.745 24200 27997 D UE4     : [2021.07.05-12.34.52:745][  0]LogConfig: Setting CVar [[r.ReflectionCaptureResolution:128]]
07-05 21:34:52.745 24200 27997 D UE4     : [2021.07.05-12.34.52:745][  0]LogConfig: Setting CVar [[r.ReflectionEnvironmentLightmapMixBasedOnRoughness:1]]
07-05 21:34:52.745 24200 27997 D UE4     : [2021.07.05-12.34.52:745][  0]LogConfig: Setting CVar [[r.ForwardShading:0]]
07-05 21:34:52.745 24200 27997 D UE4     : [2021.07.05-12.34.52:745][  0]LogConfig: Setting CVar [[r.VertexFoggingForOpaque:1]]
07-05 21:34:52.745 24200 27997 D UE4     : [2021.07.05-12.34.52:745][  0]LogConfig: Setting CVar [[r.AllowStaticLighting:1]]
07-05 21:34:52.745 24200 27997 D UE4     : [2021.07.05-12.34.52:745][  0]LogConfig: Setting CVar [[r.NormalMapsForStaticLighting:0]]
07-05 21:34:52.745 24200 27997 D UE4     : [2021.07.05-12.34.52:745][  0]LogConfig: Setting CVar [[r.GenerateMeshDistanceFields:0]]
07-05 21:34:52.745 24200 27997 D UE4     : [2021.07.05-12.34.52:745][  0]LogConfig: Setting CVar [[r.DistanceFieldBuild.EightBit:0]]
07-05 21:34:52.745 24200 27997 D UE4     : [2021.07.05-12.34.52:745][  0]LogConfig: Setting CVar [[r.GenerateLandscapeGIData:0]]
07-05 21:34:52.746 24200 27997 D UE4     : [2021.07.05-12.34.52:745][  0]LogConfig: Setting CVar [[r.DistanceFieldBuild.Compress:0]]
07-05 21:34:52.746 24200 27997 D UE4     : [2021.07.05-12.34.52:746][  0]LogConfig: Setting CVar [[r.TessellationAdaptivePixelsPerTriangle:48.000000]]
07-05 21:34:52.746 24200 27997 D UE4     : [2021.07.05-12.34.52:746][  0]LogConfig: Setting CVar [[r.SeparateTranslucency:0]]
07-05 21:34:52.746 24200 27997 D UE4     : [2021.07.05-12.34.52:746][  0]LogConfig: Setting CVar [[r.TranslucentSortPolicy:0]]
07-05 21:34:52.746 24200 27997 D UE4     : [2021.07.05-12.34.52:746][  0]LogConfig: Setting CVar [[r.CustomDepth:1]]
07-05 21:34:52.746 24200 27997 D UE4     : [2021.07.05-12.34.52:746][  0]LogConfig: Setting CVar [[r.CustomDepthTemporalAAJitter:1]]
07-05 21:34:52.746 24200 27997 D UE4     : [2021.07.05-12.34.52:746][  0]LogConfig: Setting CVar [[r.PostProcessing.PropagateAlpha:0]]
07-05 21:34:52.746 24200 27997 D UE4     : [2021.07.05-12.34.52:746][  0]LogConfig: Setting CVar [[r.DefaultFeature.Bloom:1]]
07-05 21:34:52.746 24200 27997 D UE4     : [2021.07.05-12.34.52:746][  0]LogConfig: Setting CVar [[r.DefaultFeature.AmbientOcclusion:0]]
07-05 21:34:52.746 24200 27997 D UE4     : [2021.07.05-12.34.52:746][  0]LogConfig: Setting CVar [[r.DefaultFeature.AmbientOcclusionStaticFraction:1]]
07-05 21:34:52.746 24200 27997 D UE4     : [2021.07.05-12.34.52:746][  0]LogConfig: Setting CVar [[r.DefaultFeature.AutoExposure:0]]
07-05 21:34:52.746 24200 27997 D UE4     : [2021.07.05-12.34.52:746][  0]LogConfig: Setting CVar [[r.DefaultFeature.AutoExposure.Method:0]]
07-05 21:34:52.746 24200 27997 D UE4     : [2021.07.05-12.34.52:746][  0]LogConfig: Setting CVar [[r.DefaultFeature.AutoExposure.Bias:1.000000]]
07-05 21:34:52.746 24200 27997 D UE4     : [2021.07.05-12.34.52:746][  0]LogConfig: Setting CVar [[r.DefaultFeature.AutoExposure.ExtendDefaultLuminanceRange:0]]
07-05 21:34:52.746 24200 27997 D UE4     : [2021.07.05-12.34.52:746][  0]LogConfig: Setting CVar [[r.UsePreExposure:1]]
07-05 21:34:52.746 24200 27997 D UE4     : [2021.07.05-12.34.52:746][  0]LogConfig: Setting CVar [[r.EyeAdaptation.EditorOnly:0]]
07-05 21:34:52.746 24200 27997 D UE4     : [2021.07.05-12.34.52:746][  0]LogConfig: Setting CVar [[r.DefaultFeature.MotionBlur:0]]
07-05 21:34:52.746 24200 27997 D UE4     : [2021.07.05-12.34.52:746][  0]LogConfig: Setting CVar [[r.DefaultFeature.LensFlare:0]]
07-05 21:34:52.746 24200 27997 D UE4     : [2021.07.05-12.34.52:746][  0]LogConfig: Setting CVar [[r.TemporalAA.Upsampling:0]]
07-05 21:34:52.746 24200 27997 D UE4     : [2021.07.05-12.34.52:746][  0]LogConfig: Setting CVar [[r.SSGI.Enable:0]]
07-05 21:34:52.746 24200 27997 D UE4     : [2021.07.05-12.34.52:746][  0]LogConfig: Setting CVar [[r.DefaultFeature.AntiAliasing:0]]
07-05 21:34:52.746 24200 27997 D UE4     : [2021.07.05-12.34.52:746][  0]LogConfig: Setting CVar [[r.DefaultFeature.LightUnits:1]]
07-05 21:34:52.746 24200 27997 D UE4     : [2021.07.05-12.34.52:746][  0]LogConfig: Setting CVar [[r.DefaultBackBufferPixelFormat:4]]
07-05 21:34:52.746 24200 27997 D UE4     : [2021.07.05-12.34.52:746][  0]LogConfig: Setting CVar [[r.Shadow.UnbuiltPreviewInGame:1]]
07-05 21:34:52.746 24200 27997 D UE4     : [2021.07.05-12.34.52:746][  0]LogConfig: Setting CVar [[r.StencilForLODDither:0]]
07-05 21:34:52.747 24200 27997 D UE4     : [2021.07.05-12.34.52:747][  0]LogConfig: Setting CVar [[r.EarlyZPass:3]]
07-05 21:34:52.747 24200 27997 D UE4     : [2021.07.05-12.34.52:747][  0]LogConfig: Setting CVar [[r.EarlyZPassOnlyMaterialMasking:0]]
07-05 21:34:52.747 24200 27997 D UE4     : [2021.07.05-12.34.52:747][  0]LogConfig: Setting CVar [[r.DBuffer:1]]
07-05 21:34:52.747 24200 27997 D UE4     : [2021.07.05-12.34.52:747][  0]LogConfig: Setting CVar [[r.ClearSceneMethod:1]]
07-05 21:34:52.747 24200 27997 D UE4     : [2021.07.05-12.34.52:747][  0]LogConfig: Setting CVar [[r.BasePassOutputsVelocity:0]]
07-05 21:34:52.747 24200 27997 D UE4     : [2021.07.05-12.34.52:747][  0]LogConfig: Setting CVar [[r.VertexDeformationOutputsVelocity:0]]
07-05 21:34:52.747 24200 27997 D UE4     : [2021.07.05-12.34.52:747][  0]LogConfig: Setting CVar [[r.SelectiveBasePassOutputs:0]]
07-05 21:34:52.747 24200 27997 D UE4     : [2021.07.05-12.34.52:747][  0]LogConfig: Setting CVar [[fx.GPUSimulationTextureSizeX:1024]]
07-05 21:34:52.747 24200 27997 D UE4     : [2021.07.05-12.34.52:747][  0]LogConfig: Setting CVar [[fx.GPUSimulationTextureSizeY:1024]]
07-05 21:34:52.747 24200 27997 D UE4     : [2021.07.05-12.34.52:747][  0]LogConfig: Setting CVar [[r.AllowGlobalClipPlane:0]]
07-05 21:34:52.747 24200 27997 D UE4     : [2021.07.05-12.34.52:747][  0]LogConfig: Setting CVar [[r.GBufferFormat:1]]
07-05 21:34:52.747 24200 27997 D UE4     : [2021.07.05-12.34.52:747][  0]LogConfig: Setting CVar [[r.MorphTarget.Mode:1]]
07-05 21:34:52.747 24200 27997 D UE4     : [2021.07.05-12.34.52:747][  0]LogConfig: Setting CVar [[vr.InstancedStereo:0]]
07-05 21:34:52.747 24200 27997 D UE4     : [2021.07.05-12.34.52:747][  0]LogConfig: Setting CVar [[r.MobileHDR:1]]
07-05 21:34:52.747 24200 27997 D UE4     : [2021.07.05-12.34.52:747][  0]LogConfig: Setting CVar [[vr.MobileMultiView:0]]
07-05 21:34:52.747 24200 27997 D UE4     : [2021.07.05-12.34.52:747][  0]LogConfig: Setting CVar [[r.Mobile.UseHWsRGBEncoding:0]]
07-05 21:34:52.747 24200 27997 D UE4     : [2021.07.05-12.34.52:747][  0]LogConfig: Setting CVar [[vr.RoundRobinOcclusion:0]]
07-05 21:34:52.747 24200 27997 D UE4     : [2021.07.05-12.34.52:747][  0]LogConfig: Setting CVar [[vr.ODSCapture:0]]
07-05 21:34:52.748 24200 27997 D UE4     : [2021.07.05-12.34.52:748][  0]LogConfig: Setting CVar [[r.MeshStreaming:0]]
07-05 21:34:52.748 24200 27997 D UE4     : [2021.07.05-12.34.52:748][  0]LogConfig: Setting CVar [[r.WireframeCullThreshold:5.000000]]
07-05 21:34:52.748 24200 27997 D UE4     : [2021.07.05-12.34.52:748][  0]LogConfig: Setting CVar [[r.RayTracing:0]]
07-05 21:34:52.748 24200 27997 D UE4     : [2021.07.05-12.34.52:748][  0]LogConfig: Setting CVar [[r.RayTracing.UseTextureLod:0]]
07-05 21:34:52.748 24200 27997 D UE4     : [2021.07.05-12.34.52:748][  0]LogConfig: Setting CVar [[r.SupportStationarySkylight:1]]
07-05 21:34:52.748 24200 27997 D UE4     : [2021.07.05-12.34.52:748][  0]LogConfig: Setting CVar [[r.SupportLowQualityLightmaps:1]]
07-05 21:34:52.748 24200 27997 D UE4     : [2021.07.05-12.34.52:748][  0]LogConfig: Setting CVar [[r.SupportPointLightWholeSceneShadows:1]]
07-05 21:34:52.748 24200 27997 D UE4     : [2021.07.05-12.34.52:748][  0]LogConfig: Setting CVar [[r.SupportAtmosphericFog:1]]
07-05 21:34:52.748 24200 27997 D UE4     : [2021.07.05-12.34.52:748][  0]LogConfig: Setting CVar [[r.SupportSkyAtmosphere:1]]
07-05 21:34:52.748 24200 27997 D UE4     : [2021.07.05-12.34.52:748][  0]LogConfig: Setting CVar [[r.SupportSkyAtmosphereAffectsHeightFog:0]]
07-05 21:34:52.748 24200 27997 D UE4     : [2021.07.05-12.34.52:748][  0]LogConfig: Setting CVar [[r.SkinCache.CompileShaders:0]]
07-05 21:34:52.748 24200 27997 D UE4     : [2021.07.05-12.34.52:748][  0]LogConfig: Setting CVar [[r.SkinCache.DefaultBehavior:1]]
07-05 21:34:52.748 24200 27997 D UE4     : [2021.07.05-12.34.52:748][  0]LogConfig: Setting CVar [[r.SkinCache.SceneMemoryLimitInMB:128.000000]]
07-05 21:34:52.748 24200 27997 D UE4     : [2021.07.05-12.34.52:748][  0]LogConfig: Setting CVar [[r.Mobile.EnableStaticAndCSMShadowReceivers:1]]
07-05 21:34:52.748 24200 27997 D UE4     : [2021.07.05-12.34.52:748][  0]LogConfig: Setting CVar [[r.Mobile.EnableMovableLightCSMShaderCulling:1]]
07-05 21:34:52.748 24200 27997 D UE4     : [2021.07.05-12.34.52:748][  0]LogConfig: Setting CVar [[r.Mobile.AllowDistanceFieldShadows:1]]
07-05 21:34:52.748 24200 27997 D UE4     : [2021.07.05-12.34.52:748][  0]LogConfig: Setting CVar [[r.Mobile.AllowMovableDirectionalLights:1]]
07-05 21:34:52.748 24200 27997 D UE4     : [2021.07.05-12.34.52:748][  0]LogConfig: Setting CVar [[r.MobileNumDynamicPointLights:4]]
07-05 21:34:52.748 24200 27997 D UE4     : [2021.07.05-12.34.52:748][  0]LogConfig: Setting CVar [[r.MobileDynamicPointLightsUseStaticBranch:1]]
07-05 21:34:52.748 24200 27997 D UE4     : [2021.07.05-12.34.52:748][  0]LogConfig: Setting CVar [[r.Mobile.EnableMovableSpotlights:0]]
07-05 21:34:52.748 24200 27997 D UE4     : [2021.07.05-12.34.52:748][  0]LogConfig: Setting CVar [[r.GPUSkin.Support16BitBoneIndex:0]]
07-05 21:34:52.748 24200 27997 D UE4     : [2021.07.05-12.34.52:748][  0]LogConfig: Setting CVar [[r.GPUSkin.Limit2BoneInfluences:0]]
07-05 21:34:52.748 24200 27997 D UE4     : [2021.07.05-12.34.52:748][  0]LogConfig: Setting CVar [[r.SupportDepthOnlyIndexBuffers:1]]
07-05 21:34:52.748 24200 27997 D UE4     : [2021.07.05-12.34.52:748][  0]LogConfig: Setting CVar [[r.SupportReversedIndexBuffers:1]]
07-05 21:34:52.749 24200 27997 D UE4     : [2021.07.05-12.34.52:749][  0]LogConfig: Setting CVar [[r.SupportMaterialLayers:0]]
07-05 21:34:52.749 24200 27997 D UE4     : [2021.07.05-12.34.52:749][  0]LogConfig: Setting CVar [[r.LightPropagationVolume:0]]
07-05 21:34:52.749 24200 27997 D UE4     : [2021.07.05-12.34.52:749][  0]LogConfig: Applying CVar settings from Section [/Script/Engine.RendererOverrideSettings] File [../../../ObjectPool/Saved/Config/Android/Engine.ini]
07-05 21:34:52.749 24200 27997 D UE4     : [2021.07.05-12.34.52:749][  0]LogConfig: Applying CVar settings from Section [/Script/Engine.StreamingSettings] File [../../../ObjectPool/Saved/Config/Android/Engine.ini]
07-05 21:34:52.749 24200 27997 D UE4     : [2021.07.05-12.34.52:749][  0]LogConfig: Setting CVar [[s.MinBulkDataSizeForAsyncLoading:131072]]
07-05 21:34:52.749 24200 27997 D UE4     : [2021.07.05-12.34.52:749][  0]LogConfig: Setting CVar [[s.AsyncLoadingThreadEnabled:0]]
07-05 21:34:52.749 24200 27997 D UE4     : [2021.07.05-12.34.52:749][  0]LogConfig: Setting CVar [[s.EventDrivenLoaderEnabled:1]]
07-05 21:34:52.749 24200 27997 D UE4     : [2021.07.05-12.34.52:749][  0]LogConfig: Setting CVar [[s.WarnIfTimeLimitExceeded:0]]
07-05 21:34:52.749 24200 27997 D UE4     : [2021.07.05-12.34.52:749][  0]LogConfig: Setting CVar [[s.TimeLimitExceededMultiplier:1.5]]
07-05 21:34:52.749 24200 27997 D UE4     : [2021.07.05-12.34.52:749][  0]LogConfig: Setting CVar [[s.TimeLimitExceededMinTime:0.005]]
07-05 21:34:52.749 24200 27997 D UE4     : [2021.07.05-12.34.52:749][  0]LogConfig: Setting CVar [[s.UseBackgroundLevelStreaming:1]]
07-05 21:34:52.749 24200 27997 D UE4     : [2021.07.05-12.34.52:749][  0]LogConfig: Setting CVar [[s.PriorityAsyncLoadingExtraTime:15.0]]
07-05 21:34:52.749 24200 27997 D UE4     : [2021.07.05-12.34.52:749][  0]LogConfig: Setting CVar [[s.LevelStreamingActorsUpdateTimeLimit:5.0]]
07-05 21:34:52.749 24200 27997 D UE4     : [2021.07.05-12.34.52:749][  0]LogConfig: Setting CVar [[s.PriorityLevelStreamingActorsUpdateExtraTime:5.0]]
07-05 21:34:52.749 24200 27997 D UE4     : [2021.07.05-12.34.52:749][  0]LogConfig: Setting CVar [[s.LevelStreamingComponentsRegistrationGranularity:10]]
07-05 21:34:52.749 24200 27997 D UE4     : [2021.07.05-12.34.52:749][  0]LogConfig: Setting CVar [[s.UnregisterComponentsTimeLimit:1.0]]
07-05 21:34:52.749 24200 27997 D UE4     : [2021.07.05-12.34.52:749][  0]LogConfig: Setting CVar [[s.LevelStreamingComponentsUnregistrationGranularity:5]]
07-05 21:34:52.749 24200 27997 D UE4     : [2021.07.05-12.34.52:749][  0]LogConfig: Setting CVar [[s.FlushStreamingOnExit:1]]
07-05 21:34:52.749 24200 27997 D UE4     : [2021.07.05-12.34.52:749][  0]LogConfig: Applying CVar settings from Section [/Script/Engine.GarbageCollectionSettings] File [../../../ObjectPool/Saved/Config/Android/Engine.ini]
07-05 21:34:52.749 24200 27997 D UE4     : [2021.07.05-12.34.52:749][  0]LogConfig: Setting CVar [[gc.MaxObjectsNotConsideredByGC:1]]
07-05 21:34:52.749 24200 27997 D UE4     : [2021.07.05-12.34.52:749][  0]LogConfig: Setting CVar [[gc.SizeOfPermanentObjectPool:0]]
07-05 21:34:52.749 24200 27997 D UE4     : [2021.07.05-12.34.52:749][  0]LogConfig: Setting CVar [[gc.FlushStreamingOnGC:0]]
07-05 21:34:52.749 24200 27997 D UE4     : [2021.07.05-12.34.52:749][  0]LogConfig: Setting CVar [[gc.NumRetriesBeforeForcingGC:10]]
07-05 21:34:52.749 24200 27997 D UE4     : [2021.07.05-12.34.52:749][  0]LogConfig: Setting CVar [[gc.AllowParallelGC:1]]
07-05 21:34:52.750 24200 27997 D UE4     : [2021.07.05-12.34.52:750][  0]LogConfig: Setting CVar [[gc.TimeBetweenPurgingPendingKillObjects:61.1]]
07-05 21:34:52.750 24200 27997 D UE4     : [2021.07.05-12.34.52:750][  0]LogConfig: Setting CVar [[gc.MaxObjectsInEditor:25165824]]
07-05 21:34:52.750 24200 27997 D UE4     : [2021.07.05-12.34.52:750][  0]LogConfig: Setting CVar [[gc.IncrementalBeginDestroyEnabled:1]]
07-05 21:34:52.750 24200 27997 D UE4     : [2021.07.05-12.34.52:750][  0]LogConfig: Setting CVar [[gc.CreateGCClusters:1]]
07-05 21:34:52.750 24200 27997 D UE4     : [2021.07.05-12.34.52:750][  0]LogConfig: Setting CVar [[gc.MinGCClusterSize:5]]
07-05 21:34:52.750 24200 27997 D UE4     : [2021.07.05-12.34.52:750][  0]LogConfig: Setting CVar [[gc.ActorClusteringEnabled:0]]
07-05 21:34:52.750 24200 27997 D UE4     : [2021.07.05-12.34.52:750][  0]LogConfig: Setting CVar [[gc.BlueprintClusteringEnabled:0]]
07-05 21:34:52.750 24200 27997 D UE4     : [2021.07.05-12.34.52:750][  0]LogConfig: Setting CVar [[gc.UseDisregardForGCOnDedicatedServers:0]]
07-05 21:34:52.750 24200 27997 D UE4     : [2021.07.05-12.34.52:750][  0]LogConfig: Setting CVar [[gc.MaxObjectsInGame:131072]]
07-05 21:34:52.750 24200 27997 D UE4     : [2021.07.05-12.34.52:750][  0]LogConfig: Applying CVar settings from Section [/Script/Engine.NetworkSettings] File [../../../ObjectPool/Saved/Config/Android/Engine.ini]
07-05 21:34:52.750 24200 27997 D UE4     : [2021.07.05-12.34.52:750][  0]LogAndroid: Mobile HDR: YES
07-05 21:34:52.750 24200 27997 D UE4     : [2021.07.05-12.34.52:750][  0]LogAndroidWindowUtils: Setting Width=592 and Height=1280 (requested scale = 1.000000)
07-05 21:34:52.750 24200 27997 D UE4     : [2021.07.05-12.34.52:750][  0]LogConfig: Applying CVar settings from Section [ViewDistanceQuality@3] File [../../../ObjectPool/Saved/Config/Android/Scalability.ini]
07-05 21:34:52.750 24200 27997 D UE4     : [2021.07.05-12.34.52:750][  0]LogConfig: Setting CVar [[r.SkeletalMeshLODBias:0]]
07-05 21:34:52.750 24200 27997 D UE4     : [2021.07.05-12.34.52:750][  0]LogConfig: Setting CVar [[r.ViewDistanceScale:1.0]]
07-05 21:34:52.751 24200 27997 D UE4     : [2021.07.05-12.34.52:751][  0]LogConfig: Setting CVar [[r.NeverOcclusionTestDistance:2000]]
07-05 21:34:52.751 24200 27997 D UE4     : [2021.07.05-12.34.52:751][  0]LogConfig: Applying CVar settings from Section [AntiAliasingQuality@3] File [../../../ObjectPool/Saved/Config/Android/Scalability.ini]
07-05 21:34:52.751 24200 27997 D UE4     : [2021.07.05-12.34.52:751][  0]LogConfig: Setting CVar [[r.PostProcessAAQuality:4]]
07-05 21:34:52.751 24200 27997 D UE4     : [2021.07.05-12.34.52:751][  0]LogConfig: Applying CVar settings from Section [ShadowQuality@3] File [../../../ObjectPool/Saved/Config/Android/Scalability.ini]
07-05 21:34:52.751 24200 27997 D UE4     : [2021.07.05-12.34.52:751][  0]LogConfig: Setting CVar [[r.LightFunctionQuality:1]]
07-05 21:34:52.751 24200 27997 D UE4     : [2021.07.05-12.34.52:751][  0]LogConfig: Setting CVar [[r.ShadowQuality:2]]
07-05 21:34:52.751 24200 27997 D UE4     : [2021.07.05-12.34.52:751][  0]LogConfig: Setting CVar [[r.Shadow.CSM.MaxCascades:2]]
07-05 21:34:52.751 24200 27997 D UE4     : [2021.07.05-12.34.52:751][  0]LogConfig: Setting CVar [[r.Shadow.MaxResolution:2048]]
07-05 21:34:52.751 24200 27997 D UE4     : [2021.07.05-12.34.52:751][  0]LogConfig: Setting CVar [[r.Shadow.MaxCSMResolution:2048]]
07-05 21:34:52.751 24200 27997 D UE4     : [2021.07.05-12.34.52:751][  0]LogConfig: Setting CVar [[r.Shadow.RadiusThreshold:0.06]]
07-05 21:34:52.751 24200 27997 D UE4     : [2021.07.05-12.34.52:751][  0]LogConfig: Setting CVar [[r.Shadow.DistanceScale:1.0]]
07-05 21:34:52.751 24200 27997 D UE4     : [2021.07.05-12.34.52:751][  0]LogConfig: Setting CVar [[r.Shadow.CSM.TransitionScale:1.0]]
07-05 21:34:52.751 24200 27997 D UE4     : [2021.07.05-12.34.52:751][  0]LogConfig: Setting CVar [[r.Shadow.PreShadowResolutionFactor:1.0]]
07-05 21:34:52.751 24200 27997 D UE4     : [2021.07.05-12.34.52:751][  0]LogConfig: Setting CVar [[r.DistanceFieldShadowing:1]]
07-05 21:34:52.751 24200 27997 D UE4     : [2021.07.05-12.34.52:751][  0]LogConfig: Setting CVar [[r.DistanceFieldAO:1]]
07-05 21:34:52.751 24200 27997 D UE4     : [2021.07.05-12.34.52:751][  0]LogConfig: Setting CVar [[r.AOQuality:2]]
07-05 21:34:52.751 24200 27997 D UE4     : [2021.07.05-12.34.52:751][  0]LogConfig: Setting CVar [[r.VolumetricFog:1]]
07-05 21:34:52.751 24200 27997 D UE4     : [2021.07.05-12.34.52:751][  0]LogConfig: Setting CVar [[r.VolumetricFog.GridPixelSize:8]]
07-05 21:34:52.751 24200 27997 D UE4     : [2021.07.05-12.34.52:751][  0]LogConfig: Setting CVar [[r.VolumetricFog.GridSizeZ:128]]
07-05 21:34:52.751 24200 27997 D UE4     : [2021.07.05-12.34.52:751][  0]LogConfig: Setting CVar [[r.VolumetricFog.HistoryMissSupersampleCount:4]]
07-05 21:34:52.751 24200 27997 D UE4     : [2021.07.05-12.34.52:751][  0]LogConfig: Setting CVar [[r.LightMaxDrawDistanceScale:1]]
07-05 21:34:52.751 24200 27997 D UE4     : [2021.07.05-12.34.52:751][  0]LogConfig: Setting CVar [[r.CapsuleShadows:1]]
07-05 21:34:52.752 24200 27997 D UE4     : [2021.07.05-12.34.52:752][  0]LogConfig: Applying CVar settings from Section [PostProcessQuality@3] File [../../../ObjectPool/Saved/Config/Android/Scalability.ini]
07-05 21:34:52.752 24200 27997 D UE4     : [2021.07.05-12.34.52:752][  0]LogConfig: Setting CVar [[r.MotionBlurQuality:4]]
07-05 21:34:52.752 24200 27997 D UE4     : [2021.07.05-12.34.52:752][  0]LogConfig: Setting CVar [[r.AmbientOcclusionMipLevelFactor:0.4]]
07-05 21:34:52.752 24200 27997 D UE4     : [2021.07.05-12.34.52:752][  0]LogConfig: Setting CVar [[r.AmbientOcclusionMaxQuality:100]]
07-05 21:34:52.752 24200 27997 D UE4     : [2021.07.05-12.34.52:752][  0]LogConfig: Setting CVar [[r.AmbientOcclusionLevels:-1]]
07-05 21:34:52.752 24200 27997 D UE4     : [2021.07.05-12.34.52:752][  0]LogConfig: Setting CVar [[r.AmbientOcclusionRadiusScale:1.0]]
07-05 21:34:52.752 24200 27997 D UE4     : [2021.07.05-12.34.52:752][  0]LogConfig: Setting CVar [[r.DepthOfFieldQuality:1]]
07-05 21:34:52.752 24200 27997 D UE4     : [2021.07.05-12.34.52:752][  0]LogConfig: Setting CVar [[r.RenderTargetPoolMin:400]]
07-05 21:34:52.752 24200 27997 D UE4     : [2021.07.05-12.34.52:752][  0]LogConfig: Setting CVar [[r.LensFlareQuality:2]]
07-05 21:34:52.752 24200 27997 D UE4     : [2021.07.05-12.34.52:752][  0]LogConfig: Setting CVar [[r.SceneColorFringeQuality:1]]
07-05 21:34:52.752 24200 27997 D UE4     : [2021.07.05-12.34.52:752][  0]LogConfig: Setting CVar [[r.EyeAdaptationQuality:2]]
07-05 21:34:52.752 24200 27997 D UE4     : [2021.07.05-12.34.52:752][  0]LogConfig: Setting CVar [[r.BloomQuality:1]]
07-05 21:34:52.752 24200 27997 D UE4     : [2021.07.05-12.34.52:752][  0]LogConfig: Setting CVar [[r.FastBlurThreshold:100]]
07-05 21:34:52.752 24200 27997 D UE4     : [2021.07.05-12.34.52:752][  0]LogConfig: Setting CVar [[r.Upscale.Quality:3]]
07-05 21:34:52.752 24200 27997 D UE4     : [2021.07.05-12.34.52:752][  0]LogConfig: Setting CVar [[r.Tonemapper.GrainQuantization:1]]
07-05 21:34:52.752 24200 27997 D UE4     : [2021.07.05-12.34.52:752][  0]LogConfig: Setting CVar [[r.LightShaftQuality:1]]
07-05 21:34:52.752 24200 27997 D UE4     : [2021.07.05-12.34.52:752][  0]LogConfig: Setting CVar [[r.Filter.SizeScale:1]]
07-05 21:34:52.752 24200 27997 D UE4     : [2021.07.05-12.34.52:752][  0]LogConfig: Setting CVar [[r.Tonemapper.Quality:3]]
07-05 21:34:52.752 24200 27997 D UE4     : [2021.07.05-12.34.52:752][  0]LogConfig: Setting CVar [[r.DOF.Gather.AccumulatorQuality:1        ; higher gathering accumulator quality]]
07-05 21:34:52.752 24200 27997 D UE4     : [2021.07.05-12.34.52:752][  0]LogConfig: Setting CVar [[r.DOF.Gather.PostfilterMethod:1          ; Median3x3 postfilering method]]
07-05 21:34:52.752 24200 27997 D UE4     : [2021.07.05-12.34.52:752][  0]LogConfig: Setting CVar [[r.DOF.Gather.EnableBokehSettings:0       ; no bokeh simulation when gathering]]
07-05 21:34:52.752 24200 27997 D UE4     : [2021.07.05-12.34.52:752][  0]LogConfig: Setting CVar [[r.DOF.Gather.RingCount:4                 ; medium number of samples when gathering]]
07-05 21:34:52.752 24200 27997 D UE4     : [2021.07.05-12.34.52:752][  0]LogConfig: Setting CVar [[r.DOF.Scatter.ForegroundCompositing:1    ; additive foreground scattering]]
07-05 21:34:52.752 24200 27997 D UE4     : [2021.07.05-12.34.52:752][  0]LogConfig: Setting CVar [[r.DOF.Scatter.BackgroundCompositing:2    ; additive background scattering]]
07-05 21:34:52.753 24200 27997 D UE4     : [2021.07.05-12.34.52:753][  0]LogConfig: Setting CVar [[r.DOF.Scatter.EnableBokehSettings:1      ; bokeh simulation when scattering]]
07-05 21:34:52.753 24200 27997 D UE4     : [2021.07.05-12.34.52:753][  0]LogConfig: Setting CVar [[r.DOF.Scatter.MaxSpriteRatio:0.1         ; only a maximum of 10% of scattered bokeh]]
07-05 21:34:52.753 24200 27997 D UE4     : [2021.07.05-12.34.52:753][  0]LogConfig: Setting CVar [[r.DOF.Recombine.Quality:1                ; cheap slight out of focus]]
07-05 21:34:52.753 24200 27997 D UE4     : [2021.07.05-12.34.52:753][  0]LogConfig: Setting CVar [[r.DOF.Recombine.EnableBokehSettings:0    ; no bokeh simulation on slight out of focus]]
07-05 21:34:52.753 24200 27997 D UE4     : [2021.07.05-12.34.52:753][  0]LogConfig: Setting CVar [[r.DOF.TemporalAAQuality:1                ; more stable temporal accumulation]]
07-05 21:34:52.753 24200 27997 D UE4     : [2021.07.05-12.34.52:753][  0]LogConfig: Setting CVar [[r.DOF.Kernel.MaxForegroundRadius:0.025]]
07-05 21:34:52.753 24200 27997 D UE4     : [2021.07.05-12.34.52:753][  0]LogConfig: Setting CVar [[r.DOF.Kernel.MaxBackgroundRadius:0.025]]
07-05 21:34:52.753 24200 27997 D UE4     : [2021.07.05-12.34.52:753][  0]LogConfig: Setting CVar [[r.RefractionQuality:1]]
07-05 21:34:52.753 24200 27997 D UE4     : [2021.07.05-12.34.52:753][  0]LogConfig: Setting CVar [[Slate.ForceBackgroundBlurLowQualityOverride:1]]
07-05 21:34:52.753 24200 27997 D UE4     : [2021.07.05-12.34.52:753][  0]LogConfig: Applying CVar settings from Section [TextureQuality@3] File [../../../ObjectPool/Saved/Config/Android/Scalability.ini]
07-05 21:34:52.753 24200 27997 D UE4     : [2021.07.05-12.34.52:753][  0]LogConfig: Setting CVar [[r.Streaming.MipBias:0]]
07-05 21:34:52.753 24200 27997 D UE4     : [2021.07.05-12.34.52:753][  0]LogConfig: Setting CVar [[r.Streaming.AmortizeCPUToGPUCopy:0]]
07-05 21:34:52.753 24200 27997 D UE4     : [2021.07.05-12.34.52:753][  0]LogConfig: Setting CVar [[r.Streaming.MaxNumTexturesToStreamPerFrame:0]]
07-05 21:34:52.753 24200 27997 D UE4     : [2021.07.05-12.34.52:753][  0]LogConfig: Setting CVar [[r.Streaming.Boost:1]]
07-05 21:34:52.753 24200 27997 D UE4     : [2021.07.05-12.34.52:753][  0]LogConfig: Setting CVar [[r.MaxAnisotropy:4]]
07-05 21:34:52.753 24200 27997 D UE4     : [2021.07.05-12.34.52:753][  0]LogConfig: Setting CVar [[r.VT.MaxAnisotropy:8]]
07-05 21:34:52.753 24200 27997 D UE4     : [2021.07.05-12.34.52:753][  0]LogConfig: Setting CVar [[r.Streaming.LimitPoolSizeToVRAM:0]]
07-05 21:34:52.753 24200 27997 D UE4     : [2021.07.05-12.34.52:753][  0]LogConfig: Setting CVar [[r.Streaming.PoolSize:1000]]
07-05 21:34:52.753 24200 27997 D UE4     : [2021.07.05-12.34.52:753][  0]LogConfig: Setting CVar [[r.Streaming.MaxEffectiveScreenSize:0]]
07-05 21:34:52.753 24200 27997 D UE4     : [2021.07.05-12.34.52:753][  0]LogConfig: Applying CVar settings from Section [EffectsQuality@3] File [../../../ObjectPool/Saved/Config/Android/Scalability.ini]
07-05 21:34:52.753 24200 27997 D UE4     : [2021.07.05-12.34.52:753][  0]LogConfig: Setting CVar [[r.TranslucencyLightingVolumeDim:64]]
07-05 21:34:52.754 24200 27997 D UE4     : [2021.07.05-12.34.52:754][  0]LogConfig: Setting CVar [[r.RefractionQuality:2]]
07-05 21:34:52.754 24200 27997 D UE4     : [2021.07.05-12.34.52:754][  0]LogConfig: Setting CVar [[r.SSR.Quality:3]]
07-05 21:34:52.754 24200 27997 D UE4     : [2021.07.05-12.34.52:754][  0]LogConfig: Setting CVar [[r.SSR.HalfResSceneColor:0]]
07-05 21:34:52.754 24200 27997 D UE4     : [2021.07.05-12.34.52:754][  0]LogConfig: Setting CVar [[r.SceneColorFormat:4]]
07-05 21:34:52.754 24200 27997 D UE4     : [2021.07.05-12.34.52:754][  0]LogConfig: Setting CVar [[r.DetailMode:2]]
07-05 21:34:52.754 24200 27997 D UE4     : [2021.07.05-12.34.52:754][  0]LogConfig: Setting CVar [[r.TranslucencyVolumeBlur:1]]
07-05 21:34:52.754 24200 27997 D UE4     : [2021.07.05-12.34.52:754][  0]LogConfig: Setting CVar [[r.MaterialQualityLevel:1 ; High quality]]
07-05 21:34:52.754 24200 27997 D UE4     : [2021.07.05-12.34.52:754][  0]LogConfig: Setting CVar [[r.SSS.Scale:1]]
07-05 21:34:52.754 24200 27997 D UE4     : [2021.07.05-12.34.52:754][  0]LogConfig: Setting CVar [[r.SSS.SampleSet:2]]
07-05 21:34:52.754 24200 27997 D UE4     : [2021.07.05-12.34.52:754][  0]LogConfig: Setting CVar [[r.SSS.Quality:1]]
07-05 21:34:52.754 24200 27997 D UE4     : [2021.07.05-12.34.52:754][  0]LogConfig: Setting CVar [[r.SSS.HalfRes:0]]
07-05 21:34:52.754 24200 27997 D UE4     : [2021.07.05-12.34.52:754][  0]LogConfig: Setting CVar [[r.SSGI.Quality:3]]
07-05 21:34:52.754 24200 27997 D UE4     : [2021.07.05-12.34.52:754][  0]LogConfig: Setting CVar [[r.EmitterSpawnRateScale:1.0]]
07-05 21:34:52.754 24200 27997 D UE4     : [2021.07.05-12.34.52:754][  0]LogConfig: Setting CVar [[r.ParticleLightQuality:2]]
07-05 21:34:52.754 24200 27997 D UE4     : [2021.07.05-12.34.52:754][  0]LogConfig: Setting CVar [[r.SkyAtmosphere.AerialPerspectiveLUT.FastApplyOnOpaque:1 ; Always have FastSkyLUT 1 in this case to avoid wrong sky]]
07-05 21:34:52.754 24200 27997 D UE4     : [2021.07.05-12.34.52:754][  0]LogConfig: Setting CVar [[r.SkyAtmosphere.AerialPerspectiveLUT.SampleCountPerSlice:1]]
07-05 21:34:52.754 24200 27997 D UE4     : [2021.07.05-12.34.52:754][  0]LogConfig: Setting CVar [[r.SkyAtmosphere.AerialPerspectiveLUT.DepthResolution:4]]
07-05 21:34:52.754 24200 27997 D UE4     : [2021.07.05-12.34.52:754][  0]LogConfig: Setting CVar [[r.SkyAtmosphere.FastSkyLUT:1]]
07-05 21:34:52.754 24200 27997 D UE4     : [2021.07.05-12.34.52:754][  0]LogConfig: Setting CVar [[r.SkyAtmosphere.FastSkyLUT.SampleCountMin:1.0]]
07-05 21:34:52.754 24200 27997 D UE4     : [2021.07.05-12.34.52:754][  0]LogConfig: Setting CVar [[r.SkyAtmosphere.FastSkyLUT.SampleCountMax:8.0]]
07-05 21:34:52.754 24200 27997 D UE4     : [2021.07.05-12.34.52:754][  0]LogConfig: Setting CVar [[r.SkyAtmosphere.SampleCountMin:4.0]]
07-05 21:34:52.755 24200 27997 D UE4     : [2021.07.05-12.34.52:755][  0]LogConfig: Setting CVar [[r.SkyAtmosphere.SampleCountMax:32.0]]
07-05 21:34:52.755 24200 27997 D UE4     : [2021.07.05-12.34.52:755][  0]LogConfig: Setting CVar [[r.SkyAtmosphere.TransmittanceLUT.UseSmallFormat:1]]
07-05 21:34:52.755 24200 27997 D UE4     : [2021.07.05-12.34.52:755][  0]LogConfig: Setting CVar [[r.SkyAtmosphere.TransmittanceLUT.SampleCount:10.0]]
07-05 21:34:52.755 24200 27997 D UE4     : [2021.07.05-12.34.52:755][  0]LogConfig: Setting CVar [[r.SkyAtmosphere.MultiScatteringLUT.SampleCount:15.0]]
07-05 21:34:52.755 24200 27997 D UE4     : [2021.07.05-12.34.52:755][  0]LogConfig: Setting CVar [[fx.Niagara.QualityLevel:1]]
07-05 21:34:52.755 24200 27997 D UE4     : [2021.07.05-12.34.52:755][  0]LogConfig: Setting CVar [[r.SkyAtmosphere.FastSkyLUT.Width:96]]
07-05 21:34:52.755 24200 27997 D UE4     : [2021.07.05-12.34.52:755][  0]LogConfig: Setting CVar [[r.SkyAtmosphere.FastSkyLUT.Height:50]]
07-05 21:34:52.755 24200 27997 D UE4     : [2021.07.05-12.34.52:755][  0]LogConfig: Applying CVar settings from Section [FoliageQuality@3] File [../../../ObjectPool/Saved/Config/Android/Scalability.ini]
07-05 21:34:52.755 24200 27997 D UE4     : [2021.07.05-12.34.52:755][  0]LogConfig: Setting CVar [[foliage.DensityScale:1.0]]
07-05 21:34:52.755 24200 27997 D UE4     : [2021.07.05-12.34.52:755][  0]LogConfig: Setting CVar [[grass.DensityScale:1.0]]
07-05 21:34:52.755 24200 27997 D UE4     : [2021.07.05-12.34.52:755][  0]LogConfig: Setting CVar [[grass.CullDistanceScale:1.0]]
07-05 21:34:52.755 24200 27997 D UE4     : [2021.07.05-12.34.52:755][  0]LogConfig: Applying CVar settings from Section [ShadingQuality@3] File [../../../ObjectPool/Saved/Config/Android/Scalability.ini]
07-05 21:34:52.755 24200 27997 D UE4     : [2021.07.05-12.34.52:755][  0]LogConfig: Setting CVar [[r.HairStrands.SkyLighting.SampleCount:16]]
07-05 21:34:52.755 24200 27997 D UE4     : [2021.07.05-12.34.52:755][  0]LogConfig: Setting CVar [[r.HairStrands.SkyLighting.JitterIntegration:0]]
07-05 21:34:52.755 24200 27997 D UE4     : [2021.07.05-12.34.52:755][  0]LogConfig: Setting CVar [[r.HairStrands.SkyAO.SampleCount:16]]
07-05 21:34:52.755 24200 27997 D UE4     : [2021.07.05-12.34.52:755][  0]LogConfig: Setting CVar [[r.HairStrands.DeepShadow.SuperSampling:0]]
07-05 21:34:52.755 24200 27997 D UE4     : [2021.07.05-12.34.52:755][  0]LogConfig: Setting CVar [[r.HairStrands.VisibilityPPLL:0]]
07-05 21:34:52.755 24200 27997 D UE4     : [2021.07.05-12.34.52:755][  0]LogConfig: Setting CVar [[r.HairStrands.RasterizationScale:0.5]]
07-05 21:34:52.755 24200 27997 D UE4     : [2021.07.05-12.34.52:755][  0]LogConfig: Setting CVar [[r.HairStrands.VelocityRasterizationScale:1]]
07-05 21:34:52.756 24200 27997 D UE4     : [2021.07.05-12.34.52:756][  0]LogAndroid: Vulkan not available as project packaged without bSupportsVulkan or bSupportsVulkanSM5.
07-05 21:34:52.757 24200 27997 D UE4     : [2021.07.05-12.34.52:757][  0]LogAndroid: Checking 23 rules from DeviceProfile ini file.
07-05 21:34:52.757 24200 27997 D UE4     : [2021.07.05-12.34.52:757][  0]LogAndroid:   Default profile: Android_Default
07-05 21:34:52.757 24200 27997 D UE4     : [2021.07.05-12.34.52:757][  0]LogAndroid:   GpuFamily: Adreno (TM) 650
07-05 21:34:52.757 24200 27997 D UE4     : [2021.07.05-12.34.52:757][  0]LogAndroid:   GlVersion: OpenGL ES 3.2 V@0502.0 (GIT@0e5772e1da, I227baa4eae, 1613471962) (Date:02/16/21)
07-05 21:34:52.757 24200 27997 D UE4     : [2021.07.05-12.34.52:757][  0]LogAndroid:   VulkanAvailable: false
07-05 21:34:52.757 24200 27997 D UE4     : [2021.07.05-12.34.52:757][  0]LogAndroid:   VulkanVersion: 1.1.128
07-05 21:34:52.757 24200 27997 D UE4     : [2021.07.05-12.34.52:757][  0]LogAndroid:   AndroidVersion: 11
07-05 21:34:52.758 24200 27997 D UE4     : [2021.07.05-12.34.52:758][  0]LogAndroid:   DeviceMake: samsung
07-05 21:34:52.758 24200 27997 D UE4     : [2021.07.05-12.34.52:758][  0]LogAndroid:   DeviceModel: SM-G986N
07-05 21:34:52.758 24200 27997 D UE4     : [2021.07.05-12.34.52:758][  0]LogAndroid:   DeviceBuildNumber: RP1A.200720.012.G986NKSU1DUD9
07-05 21:34:52.758 24200 27997 D UE4     : [2021.07.05-12.34.52:758][  0]LogAndroid:   UsingHoudini: false
07-05 21:34:52.758 24200 27997 D UE4     : [2021.07.05-12.34.52:758][  0]LogAndroid:   Hardware: Qualcomm Technologies, Inc KONA
07-05 21:34:52.758 24200 27997 D UE4     : [2021.07.05-12.34.52:758][  0]LogAndroid:   Chipset: unknown
07-05 21:34:52.764 24200 27997 D UE4     : [2021.07.05-12.34.52:764][  0]LogAndroid: Selected Device Profile: [Android_Adreno6xx]
07-05 21:34:52.764 24200 27997 D UE4     : [2021.07.05-12.34.52:764][  0]LogInit: Applying CVar settings loaded from the selected device profile: [Android_Adreno6xx]
07-05 21:34:52.764 24200 27997 D UE4     : [2021.07.05-12.34.52:764][  0]LogHAL: Display: Platform has ~ 4 GB [11049525248 / 4294967296 / 11], which maps to Default [LargestMinGB=8, LargerMinGB=6, DefaultMinGB=4, SmallerMinGB=3, SmallestMinGB=0)
07-05 21:34:52.764 24200 27997 D UE4     : [2021.07.05-12.34.52:764][  0]LogInit: Going up to parent DeviceProfile [Android_High]
07-05 21:34:52.765 24200 27997 D UE4     : [2021.07.05-12.34.52:765][  0]LogConfig: Setting CVar [[sg.ViewDistanceQuality:2]]
07-05 21:34:52.765 24200 27997 D UE4     : [2021.07.05-12.34.52:765][  0]LogConfig: Applying CVar settings from Section [ViewDistanceQuality@2] File [../../../ObjectPool/Saved/Config/Android/Scalability.ini]
