07-05 21:34:54.465 24219 24219 I SoundAliveApplication: reset setting-value for Concert-Hall
07-05 21:34:54.465 24219 24219 I SoundAliveApplication: reset setting-value for Surround
07-05 21:34:54.465 24219 24219 I AudioManager: getParameters keys = audioParam;l_device_current_output
07-05 21:34:54.466  1035 14780 V APM_AudioPolicyManager: getAudioPolicyConfig: audioParam;l_device_current_output
07-05 21:34:54.466  1035 14780 V APM_AudioPolicyManager: getNewOutputDevices selected devices AUDIO_DEVICE_NONE
07-05 21:34:54.467 24219 24219 I SoundAlivePolicyManager: Actual path retrieved: 2
07-05 21:34:54.467 24219 24219 I SoundAlivePolicyManager: isAudioPathSpeaker() : true
07-05 21:34:54.467 24219 24219 I SoundAlivePolicyManager: actual AudioPath : SA_PATH_SPK
07-05 21:34:54.467 24219 24219 I SADVFSHelper: Audio route update attempt
07-05 21:34:54.467 24219 24219 I SAEffectManager: checkDSDPlaybackState called...
07-05 21:34:54.467 24219 24219 I AudioManager: getParameters keys = g_effect_active_sound_info=track
07-05 21:34:54.468  1035 14780 I SecAudioParamFlinger: getActiveSoundInfo 1, trackFormat 1, outputFormat 5
07-05 21:34:54.468 24219 24219 I SAEffectManager: isDSDFormatActive : format = 1
07-05 21:34:54.468 24219 24219 I SAEffectManager: isDSDFormatActive : DSD or 32Bit Playback Status= false
07-05 21:34:54.468 24219 24219 I SAEffectManager: checkDSDPlaybackState : re-config dolby profile from settings : 5
07-05 21:34:54.468 24219 24219 I SAEffectManager: Set Square effect as: 40
07-05 21:34:54.468   953 27946 I HYPER-HAL: [ResourceManager.cpp]removeResource(): [CPUMaxFreq] RemoveResource Request ID : 12318175
07-05 21:34:54.468 24219 24219 I SAEffectManager: setParameter() key : EFFECT_SQUARE_CHANGED  arg1 : 40  arg2 : -1  array : [-1]
07-05 21:34:54.468 24219 24219 I SAEffectManager: *****updateSquareUIsetting()*****
07-05 21:34:54.468 24219 24219 I SAEffectManager: position: 40
07-05 21:34:54.468   953 27946 I HYPER-HAL: [RequestManager.cpp]releaseLocked(): Released ID : 12318175
07-05 21:34:54.469 24219 24219 I SAEffectManager: checkDSDPlaybackState : re-config dolby-game profile from settings : 4
07-05 21:34:54.469 24219 24219 I SAEffectManager: checkDSDPlaybackState : set dolby as re-config : 5
07-05 21:34:54.469 24219 24219 I SAEffectManager: checkDSDPlaybackState : set dolby-game as re-config : 4
07-05 21:34:54.469 24219 24219 I SAEffectManager: checkDSDPlaybackState : support handler of <dolby-atmos>
07-05 21:34:54.469 24219 24219 I SAEffectManager: checkDSDPlaybackState : dolby profile = OFF
07-05 21:34:54.470 24219 24219 I SAEffectManager: checkDSDPlaybackState : support handler of <dolby-atmos for gaming>
07-05 21:34:54.470 24219 24219 I SAEffectManager: checkDSDPlaybackState : dolby-game profile = ON
07-05 21:34:54.470  1035 14780 I AudioEffectStageModule: set GAME_2 stageIndex -1304 for processed audio
07-05 21:34:54.470  1035 14780 I AudioEffectStageModule: set GAME_1 stageIndex -1305 for 5.1.2
07-05 21:34:54.470  1035 14780 I AudioEffectStageModule: set GAME_2 stageIndex -2107 for processed audio
07-05 21:34:54.470  1035 14780 I AudioEffectStageModule: set GAME_2 stageIndex -2110 for processed audio
07-05 21:34:54.470  1035 14780 I AudioEffectStageModule: set GAME_1 stageIndex -2111 for 5.1.2
07-05 21:34:54.470  1035 14780 I AudioEffectStageModule: set GAME_2 stageIndex -2904 for processed audio
07-05 21:34:54.470  1035 14780 I AudioEffectStageModule: set GAME_1 stageIndex -2905 for 5.1.2
07-05 21:34:54.470  1035 14780 I AudioEffectStageModule: set GAME_2 stageIndex -3704 for processed audio
07-05 21:34:54.471  1035 14780 I AudioEffectStageModule: set GAME_1 stageIndex -3705 for 5.1.2
07-05 21:34:54.471  1035 14780 I AudioEffectStageModule: set GAME_2 stageIndex -29004 for processed audio
07-05 21:34:54.471 24219 24219 I SAEffectManager: checkDSDPlaybackState : dolby-game setProfile(4)
07-05 21:34:54.471 24219 24219 I AudioManager: setParameters keyValuePairs = g_effect_game_dolby_enable=1
07-05 21:34:54.471  1035 14780 V APM_AudioPolicyManager: setAudioPolicyConfig: g_effect_game_dolby_enable=1
07-05 21:34:54.472 24219 24219 I SAEffectManager: set tube as : reset... unsupported effect
07-05 21:34:54.472  1035 14780 I AudioSASecPlus: setGlobalEffectInfo changed mContentType = 1, mGlobalSAPlus = 0, mGlobalTubeAmp = 0, mGlobalConcertHall = 0 , mGlobalAudioHDR = 0
07-05 21:34:54.472   937  1726 I AudioSASecPlus: setGlobalEffectInfo changed mContentType = 1, mGlobalSAPlus = 0, mGlobalTubeAmp = 0, mGlobalConcertHall = 0 , mGlobalAudioHDR = 0
07-05 21:34:54.473   937  1726 D AudioSAEffectOffload: offload_param_dump() : status[-1] value[ SA,2,0,0,0,0,0,0,0,0,0,0,0,0,0,0,0,0,4,4,0,1,0,0,0,0,0 ] 
07-05 21:34:54.473  1035 14780 I AudioSASecPlus: setGlobalEffectInfo changed mContentType = 1, mGlobalSAPlus = 0, mGlobalTubeAmp = 0, mGlobalConcertHall = 0 , mGlobalAudioHDR = 0
07-05 21:34:54.473  1035 14780 I AudioSASecPlus: setGlobalEffectInfo changed mContentType = 1, mGlobalSAPlus = 0, mGlobalTubeAmp = 0, mGlobalConcertHall = 0 , mGlobalAudioHDR = 0
07-05 21:34:54.473  1035 14780 I AudioSASecPlus: setGlobalEffectInfo changed mContentType = 1, mGlobalSAPlus = 0, mGlobalTubeAmp = 0, mGlobalConcertHall = 0 , mGlobalAudioHDR = 0
07-05 21:34:54.473  1035 14780 I AudioSASecPlus: setGlobalEffectInfo changed mContentType = 1, mGlobalSAPlus = 0, mGlobalTubeAmp = 0, mGlobalConcertHall = 0 , mGlobalAudioHDR = 0
07-05 21:34:54.473  1035 14780 I AudioSASecPlus: setGlobalEffectInfo changed mContentType = 1, mGlobalSAPlus = 0, mGlobalTubeAmp = 0, mGlobalConcertHall = 0 , mGlobalAudioHDR = 0
07-05 21:34:54.473  1035 14780 I AudioSASecPlus: setGlobalEffectInfo changed mContentType = 1, mGlobalSAPlus = 0, mGlobalTubeAmp = 0, mGlobalConcertHall = 0 , mGlobalAudioHDR = 0
07-05 21:34:54.473  1035 14780 I AudioSASecPlus: setGlobalEffectInfo changed mContentType = 1, mGlobalSAPlus = 0, mGlobalTubeAmp = 0, mGlobalConcertHall = 0 , mGlobalAudioHDR = 0
07-05 21:34:54.474 24219 24219 I SoundAliveApplication: sound assistant, NOT installed
07-05 21:34:54.474 24219 24219 I SoundAliveApplication: setConcertHallSupport : false
07-05 21:34:54.474 24219 24219 I SoundAliveApplication: mConcertHallSupport : false
07-05 21:34:54.474 24219 24219 I SAEffectManager: 2. set hall as : reset... unsupported effect
07-05 21:34:54.474  1035 14780 I AudioSASecPlus: setGlobalEffectInfo changed mContentType = 1, mGlobalSAPlus = 0, mGlobalTubeAmp = 0, mGlobalConcertHall = 0 , mGlobalAudioHDR = 0
07-05 21:34:54.474   937  1726 I AudioSASecPlus: setGlobalEffectInfo changed mContentType = 1, mGlobalSAPlus = 0, mGlobalTubeAmp = 0, mGlobalConcertHall = 0 , mGlobalAudioHDR = 0
07-05 21:34:54.474  1035 14780 I AudioSASecPlus: setGlobalEffectInfo changed mContentType = 1, mGlobalSAPlus = 0, mGlobalTubeAmp = 0, mGlobalConcertHall = 0 , mGlobalAudioHDR = 0
07-05 21:34:54.474  1035 14780 I AudioSASecPlus: setGlobalEffectInfo changed mContentType = 1, mGlobalSAPlus = 0, mGlobalTubeAmp = 0, mGlobalConcertHall = 0 , mGlobalAudioHDR = 0
07-05 21:34:54.474  1035 14780 I AudioSASecPlus: setGlobalEffectInfo changed mContentType = 1, mGlobalSAPlus = 0, mGlobalTubeAmp = 0, mGlobalConcertHall = 0 , mGlobalAudioHDR = 0
07-05 21:34:54.474  1035 14780 I AudioSASecPlus: setGlobalEffectInfo changed mContentType = 1, mGlobalSAPlus = 0, mGlobalTubeAmp = 0, mGlobalConcertHall = 0 , mGlobalAudioHDR = 0
07-05 21:34:54.474  1035 14780 I AudioSASecPlus: setGlobalEffectInfo changed mContentType = 1, mGlobalSAPlus = 0, mGlobalTubeAmp = 0, mGlobalConcertHall = 0 , mGlobalAudioHDR = 0
07-05 21:34:54.474  1035 14780 I AudioSASecPlus: setGlobalEffectInfo changed mContentType = 1, mGlobalSAPlus = 0, mGlobalTubeAmp = 0, mGlobalConcertHall = 0 , mGlobalAudioHDR = 0
07-05 21:34:54.474  1035 14780 I AudioSASecPlus: setGlobalEffectInfo changed mContentType = 1, mGlobalSAPlus = 0, mGlobalTubeAmp = 0, mGlobalConcertHall = 0 , mGlobalAudioHDR = 0
07-05 21:34:54.476 24219 24219 I DeXUtil : DeX mode is off.
07-05 21:34:54.477 24219 24219 I SoundAlivePolicyManager: isGlobalEffectSupportCurrentAudioPath, currentDeviceType : 2
07-05 21:34:54.477 24219 24219 I SoundAliveApplication: registerAudioPlaybackCallback : isRunningGameWhiteList : false
07-05 21:34:54.477 24219 24219 I SADVFSHelper: Either heavy-duty effect is Off or Music playback is not active
07-05 21:34:54.557   674   674 I io_stats: !@   8,0 r 17819029 443585136 w 8296725 236735348 d 5224617 422470748 f 6692008 7893824 iot 7421436 5721202 th 102400 102400 67876 pt 56 inp 0 0 788801.817
07-05 21:34:54.635 19588 31134 E nightwatch-target: lmkd signal waiters
07-05 21:34:54.714 24200 28110 D UE4     : *** JavaEnvDestructor: 28110
07-05 21:34:54.715 24200 28111 D UE4     : *** JavaEnvDestructor: 28111
07-05 21:34:54.715 24200 28109 D UE4     : *** JavaEnvDestructor: 28109
07-05 21:34:54.817 24200 27997 D UE4     : [2021.07.05-12.34.54:817][  0]LogUdpMessaging: Initializing bridge on interface 0.0.0.0:0 to multicast group 230.0.0.1:6666.
07-05 21:34:55.058   950 28003 I sensors-hal: handle_sns_client_event:541, [0][204] accel_sample [-0.005, -0.080,  9.677] 2453182984233731
07-05 21:34:55.087   950 28022 I sensors-hal: handle_sns_client_event:630, [0][202] gyro_sample_cal(3) [ 0.001,-0.000,-0.001] 2453183011407220
07-05 21:34:55.136 19588 31134 E nightwatch-target: lmkd signal waiters
07-05 21:34:55.328  2270  2360 D NetworkController.SecMobileSignalController(0/1): onSignalStrengthsChanged level=4
07-05 21:34:55.329  2270  2360 D MobileSignalIconsSelector: getDataIconGroup(): 1000
07-05 21:34:55.329  2270  2270 D SystemUI-Operator: isSIMandOperatorMatched() simNumeric:45005, SIM is matched!!!
07-05 21:34:55.481 24219 24219 I DeXUtil : DeX mode is off.
07-05 21:34:55.482 24219 24219 I SoundAlivePolicyManager: isGlobalEffectSupportCurrentAudioPath, currentDeviceType : 2
07-05 21:34:55.482 24219 24219 I SoundAliveApplication: registerAudioPlaybackCallback : isRunningGameWhiteList : false
07-05 21:34:55.482 24219 24219 I SADVFSHelper: Either heavy-duty effect is Off or Music playback is not active
07-05 21:34:55.636 19588 31134 E nightwatch-target: lmkd signal waiters
07-05 21:34:55.711 24200 28107 D UE4     : *** JavaEnvDestructor: 28107
07-05 21:34:55.712 24200 28108 D UE4     : *** JavaEnvDestructor: 28108
07-05 21:34:55.814 24200 27997 D UE4     : [2021.07.05-12.34.55:814][  0]LogTcpMessaging: Initializing TcpMessaging bridge, listening on 127.0.0.1:6666
07-05 21:34:55.817 24200 27997 D UE4     : [2021.07.05-12.34.55:817][  0]LogCore: Display: AppLifetime: Application has reactivated
07-05 21:34:55.818 24200 27997 D UE4     : [2021.07.05-12.34.55:818][  0]LogTemp: Android resume audio
07-05 21:34:55.833 24200 27997 D UE4     : [2021.07.05-12.34.55:833][  0]LogAndroid: Display: Low Power Mode Changed: 0
07-05 21:34:56.078   950 28010 I sensors-hal: handle_sns_client_event:523, [252] mag_sample_cal: ts=2453184012325137 ns; cal = [16.690355, 20.024822, -47.873260], uncal = [-29.238016, 44.601604, -124.410965], bias = [-45.928371, 24.576782, -76.537704], status=3
07-05 21:34:56.082  1248 27973 I SystemUiVisibilityPolicyController: handleMessage: entry what = 101
07-05 21:34:56.140 19588 31134 E nightwatch-target: lmkd signal waiters
07-05 21:34:56.306  2270  2360 D NetworkController.SecMobileSignalController(0/1): onSignalStrengthsChanged level=4
07-05 21:34:56.308  2270  2360 D MobileSignalIconsSelector: getDataIconGroup(): 1000
07-05 21:34:56.308  2270  2270 D SystemUI-Operator: isSIMandOperatorMatched() simNumeric:45005, SIM is matched!!!
07-05 21:34:56.485 24219 24219 I DeXUtil : DeX mode is off.
07-05 21:34:56.486 24219 24219 I SoundAlivePolicyManager: isGlobalEffectSupportCurrentAudioPath, currentDeviceType : 2
07-05 21:34:56.486 24219 24219 I SoundAliveApplication: registerAudioPlaybackCallback : isRunningGameWhiteList : false
07-05 21:34:56.486 24219 24219 I SADVFSHelper: Either heavy-duty effect is Off or Music playback is not active
07-05 21:34:56.565   674   674 I io_stats: !@   8,0 r 17819029 443585136 w 8296729 236735364 d 5224617 422470748 f 6692008 7893824 iot 7421440 5721203 th 102400 102400 67876 pt 56 inp 0 0 788803.824
07-05 21:34:56.624  1248  4902 D SamsungAlarmManager: Cancel Alarm calling from uid:10239 pid :11657 / OP:PendingIntent{c264bf2: PendingIntentRecord{aeb79aa com.google.android.gms/ startService}}
07-05 21:34:56.626  1248  4902 I SamsungAlarmManager: setLocked to kernel - T:2 / 20210705T213531, set=2453219866, now=2453184566
07-05 21:34:56.627  1248  4902 I SamsungAlarmManager: setLocked to kernel - T:3 / 20210705T213459, set=2453187672, now=2453184568
07-05 21:34:56.640 19588 31134 E nightwatch-target: lmkd signal waiters
07-05 21:34:56.650  1248  2042 I DexPreloader:  send sig to pid:24200
07-05 21:34:56.650  1248  2042 I Process : Sending signal. PID: 24200 SIG: 28
07-05 21:34:56.651 24200 27954 I pany.ObjectPoo: Thread[6,tid=27954,WaitingInMainSignalCatcherLoop,Thread*=0xe6f44610,peer=0x13a40300,"Signal Catcher"]: reacting to signal 28
07-05 21:34:56.651 24200 27954 I pany.ObjectPoo: 
07-05 21:34:56.651 24200 27954 I pany.ObjectPoo: SIGSAVEPRF profile save
07-05 21:34:56.683  1248  4902 I system_server: oneway function results will be dropped but finished with status OK and parcel size 4
07-05 21:34:56.684  1248  4902 I system_server: oneway function results will be dropped but finished with status OK and parcel size 4
07-05 21:34:56.686  1248  4867 I system_server: oneway function results will be dropped but finished with status OK and parcel size 4
07-05 21:34:56.688  1248 10528 D SemGameManager: getGMSBinder(), begin
07-05 21:34:56.689  1248 10528 D SemGameManager: getGMSBinder(), successful: true
07-05 21:34:56.689  1248 10528 D GameManagerService: identifyGamePackage. com.YourCompany.ObjectPool, mCurrentUserId: 0, callerUserId: 0
07-05 21:34:56.689  1248 10528 D PkgDataHelper: getGamePkgData(). com.YourCompany.ObjectPool
07-05 21:34:56.692  1248  4867 I system_server: oneway function results will be dropped but finished with status OK and parcel size 4
07-05 21:34:56.705  1248  4867 D SamsungAlarmManager: Cancel Alarm calling from uid:10239 pid :24928 / OP:PendingIntent{69e4243: PendingIntentRecord{9f70a2d com.google.android.gms/ startService}}
07-05 21:34:56.706  1248  4867 I SamsungAlarmManager: setLocked to kernel - T:2 / 20210705T213531, set=2453219866, now=2453184646
07-05 21:34:56.706  1248  4867 I SamsungAlarmManager: setLocked to kernel - T:3 / 20210705T213459, set=2453187672, now=2453184646
07-05 21:34:56.847  2270  2360 D NetworkController.SecMobileSignalController(0/1): onSignalStrengthsChanged level=4
07-05 21:34:56.850  2270  2360 D MobileSignalIconsSelector: getDataIconGroup(): 1000
07-05 21:34:56.851  2270  2270 D SystemUI-Operator: isSIMandOperatorMatched() simNumeric:45005, SIM is matched!!!
07-05 21:34:57.075   950 28003 I sensors-hal: handle_sns_client_event:541, [0][306] accel_sample [ 0.022, -0.114,  9.694] 2453185002033001
07-05 21:34:57.085   950 28022 I sensors-hal: handle_sns_client_event:630, [0][303] gyro_sample_cal(3) [-0.008,-0.011,-0.001] 2453185009424199
07-05 21:34:57.141 19588 31134 E nightwatch-target: lmkd signal waiters
07-05 21:34:57.187   950  1679 I SensorsGrip: [grip_sensor] readEvents: GripSensor: grip data = TOUCH
07-05 21:34:57.189  1248  1910 D MotionRecognitionService: [SAR] == >> GripVal = 1
07-05 21:34:57.189  1248  1910 I MotionRecognitionService: [SAR] GripWifi disabled 
07-05 21:34:57.189  1248  1910 D MotionRecognitionService: set SAR_DEVICE_GRIP
07-05 21:34:57.189  1248  1910 E MotionRecognitionService: handleMessage: event 100 value : 1
07-05 21:34:57.195  1248  1910 D MotionRecognitionService: set TransmitPower  value : 1
07-05 21:34:57.293  2270  2360 D NetworkController.SecMobileSignalController(0/1): onSignalStrengthsChanged level=4
07-05 21:34:57.294  2270  2360 D MobileSignalIconsSelector: getDataIconGroup(): 1000
07-05 21:34:57.294  2270  2270 D SystemUI-Operator: isSIMandOperatorMatched() simNumeric:45005, SIM is matched!!!
07-05 21:34:57.642 19588 31134 E nightwatch-target: lmkd signal waiters
07-05 21:34:58.077   950 28010 I sensors-hal: handle_sns_client_event:523, [352] mag_sample_cal: ts=2453186012325137 ns; cal = [19.623890, -16.909756, -53.340958], uncal = [-26.304482, 7.667026, -129.878662], bias = [-45.928371, 24.576782, -76.537704], status=3
07-05 21:34:58.142 19588 31134 E nightwatch-target: lmkd signal waiters
07-05 21:34:58.293  2270  2360 D NetworkController.SecMobileSignalController(0/1): onSignalStrengthsChanged level=4
07-05 21:34:58.294  2270  2360 D MobileSignalIconsSelector: getDataIconGroup(): 1000
07-05 21:34:58.294  2270  2270 D SystemUI-Operator: isSIMandOperatorMatched() simNumeric:45005, SIM is matched!!!
07-05 21:34:58.575   674   674 I io_stats: !@   8,0 r 17819029 443585136 w 8296800 236746760 d 5224617 422470748 f 6692008 7893824 iot 7421468 5721231 th 102400 102400 67876 pt 56 inp 0 0 788805.835
07-05 21:34:58.643 19588 31134 E nightwatch-target: lmkd signal waiters
07-05 21:34:58.652  1248  4799 D DexPreloader:  prepare a new task for pkg:com.YourCompany.ObjectPool dex2oat
07-05 21:34:58.652  1248 12046 I DexPreloader:  start a thread to run dex2oat task for pkg:com.YourCompany.ObjectPool
07-05 21:34:58.654   862   868 E statsd  : Predicate 5980654721335871649 dropping data for dimension key (10)0x2010101->10669[I] (10)0x30000->*dexopt*[S] 
07-05 21:34:58.659  1248 12046 I PackageDexOptimizer: Running dexopt (dexoptNeeded=1) on: /data/app/~~IARj1HiMSMNhuZBOtpD23g==/com.YourCompany.ObjectPool-9IzzAc2Mwlq3kyGrljVwGQ==/base.apk pkg=com.YourCompany.ObjectPool isa=arm dexoptFlags=boot_complete,debuggable,public,enable_hidden_api_checks targetFilter=quicken oatDir=/data/app/~~IARj1HiMSMNhuZBOtpD23g==/com.YourCompany.ObjectPool-9IzzAc2Mwlq3kyGrljVwGQ==/oat classLoaderContext=PCL[]{PCL[/system/framework/android.test.base.jar]} dexMetadataPath=null async=false
07-05 21:34:58.665  1216  1244 V installd: DexInv: --- BEGIN '/data/app/~~IARj1HiMSMNhuZBOtpD23g==/com.YourCompany.ObjectPool-9IzzAc2Mwlq3kyGrljVwGQ==/base.apk' ---
07-05 21:34:58.708 28134 28134 I dex2oat32: /apex/com.android.art/bin/dex2oat32 --input-vdex-fd=-1 --output-vdex-fd=10 --updatable-bcp-packages-file=/system/etc/updatable-bcp-packages.txt --resolve-startup-const-strings=true --max-image-block-size=524288 --compiler-filter=quicken -j6 --debuggable --classpath-dir=/data/app/~~IARj1HiMSMNhuZBOtpD23g==/com.YourCompany.ObjectPool-9IzzAc2Mwlq3kyGrljVwGQ== --class-loader-context=PCL[]{PCL[/system/framework/android.test.base.jar]} --generate-mini-debug-info --compilation-reason=adcp
07-05 21:34:58.708   950 24558 I sensors-hal: handle_sns_client_event:168, auto_rotation_event: 0/-0.615,6.943,5.521
07-05 21:34:58.709  1248  1897 D SensorHubManager: onGetSensorHubDataLocked: library(4) = 1, 1, 7, 0
07-05 21:34:58.710  1248  1898 D CAE     : onGetSensorHubData(SensorHubParserProvider.java:89) - onGetSensorHubData Event [event buffer len :4], AP_WAKEUP
07-05 21:34:58.710 28134 28134 I dex2oat32: setting boot class path to /apex/com.android.art/javalib/core-oj.jar:/apex/com.android.art/javalib/core-libart.jar:/apex/com.android.art/javalib/core-icu4j.jar:/apex/com.android.art/javalib/okhttp.jar:/apex/com.android.art/javalib/bouncycastle.jar:/apex/com.android.art/javalib/apache-xml.jar:/system/framework/framework.jar:/system/framework/ext.jar:/system/framework/telephony-common.jar:/system/framework/smartbondingservice.jar:/system/framework/voip-common.jar:/system/framework/ims-common.jar:/system/framework/knoxanalyticssdk.jar:/system/framework/fipstimakeystore.jar:/system/framework/timakeystore.jar:/system/framework/knoxsdk.jar:/system/framework/drutils.jar:/system/framework/framework-atb-backward-compatibility.jar:/system/framework/SmpsManager.jar:/system/framework/esecomm.jar:/system/framework/uibc_java.jar:/system/framework/ICDVerification.jar:/system/framework/tcmiface.jar:/system/framework/telephony-ext.jar:/system/framework/QPerformance.jar:/system/framework/UxPerformance.jar
07-05 21:34:58.710  1248  1898 I CAE     : parse(SensorHubParserProvider.java:190) - buffer size = 4
07-05 21:34:58.711  1248  1898 I CAE     : parse(SensorHubParserProvider.java:201) - 1, 1, 7, 0,
07-05 21:34:58.711  1248  1898 D CAE     : display(ContextProvider.java:375) - ================= AUTO_ROTATION =================
07-05 21:34:58.711  1248  1898 I CAE     : display(ContextProvider.java:391) - Angle=[0]
07-05 21:34:58.713  1248  1895 D SemContextService: Service.updateContext() : service = Auto Rotation
07-05 21:34:58.713  1248  1544 D SemContextManager: onSemContextChanged() : event = Auto Rotation Angle : 0
07-05 21:34:58.713  1248  1544 D SemContextManager: AutoRotationEvent : Angle = 0
07-05 21:34:58.713  1248  1544 D WindowOrientationListener: OrientationSensorJudge.onSemContextChanged, Rotation: 0
07-05 21:34:58.714  1248  1544 V WindowManager: rotationForOrientation(orient=SCREEN_ORIENTATION_PORTRAIT (1), last=ROTATION_0 (0)); user=ROTATION_0 (0) USER_ROTATION_LOCKED
07-05 21:34:58.714  1248  1544 V WindowOrientationListener: getProposedRotation: 0
07-05 21:34:58.714  1248  1544 V WindowManager: Computed rotation=ROTATION_0 (0) for display id=0 based on lastOrientation=SCREEN_ORIENTATION_PORTRAIT (1) and oldRotation=ROTATION_0 (0), caller=com.android.server.wm.DisplayContent.updateRotationUnchecked:1992 com.android.server.wm.WindowManagerService.updateRotationUnchecked:4360 com.android.server.wm.WindowManagerService.updateRotation:4341 com.android.server.wm.DisplayRotation$OrientationListener$UpdateRunnable.run:1736 android.os.Handler.handleCallback:938 android.os.Handler.dispatchMessage:99 
07-05 21:34:58.716  1248  1549 D SurfaceControl: hide : mNativeObject = -5476376656984424400 - sc.mNativeObject = -5476376656983626768 - Surface(name=Input Consumer recents_animation_input_consumer)/@0x7aa0eb
07-05 21:34:58.716  1248  1549 D SurfaceControl: nativeSetFlags Done : Surface(name=Input Consumer recents_animation_input_consumer)/@0x7aa0eb
07-05 21:34:59.083   950 28022 I sensors-hal: handle_sns_client_event:630, [0][404] gyro_sample_cal(3) [ 0.035, 1.389, 0.598] 2453187007441908
07-05 21:34:59.093   950 28003 I sensors-hal: handle_sns_client_event:541, [0][408] accel_sample [-0.803,  6.872,  7.368] 2453187019833054
07-05 21:34:59.144 19588 31134 E nightwatch-target: lmkd signal waiters
07-05 21:34:59.256  2270  2360 D NetworkController.SecMobileSignalController(0/1): onSignalStrengthsChanged level=4
07-05 21:34:59.258  2270  2360 D MobileSignalIconsSelector: getDataIconGroup(): 1000
07-05 21:34:59.258  2270  2270 D SystemUI-Operator: isSIMandOperatorMatched() simNumeric:45005, SIM is matched!!!
07-05 21:34:59.280  2270  2360 D NetworkController.SecMobileSignalController(0/1): onSignalStrengthsChanged level=4
07-05 21:34:59.282  2270  2360 D MobileSignalIconsSelector: getDataIconGroup(): 1000
07-05 21:34:59.282  2270  2270 D SystemUI-Operator: isSIMandOperatorMatched() simNumeric:45005, SIM is matched!!!
07-05 21:34:59.506   610   623 D OPS_SERVICE: OPS Received command id = 0
07-05 21:34:59.506   610   623 D OPS_SERVICE: set_display_clock_vote 1 driver fd 42
07-05 21:34:59.506   610   623 D OPS_SERVICE: drmIOCTL success at 1 time(s) for clk_vote 1
07-05 21:34:59.506   610   623 D OPS_SERVICE: ioctl_continue_command finished! and return 0 
07-05 21:34:59.506   610   623 D OPS_SERVICE: before calling ioctl to read the next ops_cmd
07-05 21:34:59.507   610   623 D OPS_SERVICE: OPS Received command id = 0
07-05 21:34:59.507   610   623 D OPS_SERVICE: set_display_clock_vote 0 driver fd 42
07-05 21:34:59.507   610   623 D OPS_SERVICE: drmIOCTL success at 1 time(s) for clk_vote 0
07-05 21:34:59.507   610   623 D OPS_SERVICE: ioctl_continue_command finished! and return 0 
07-05 21:34:59.507   610   623 D OPS_SERVICE: before calling ioctl to read the next ops_cmd
07-05 21:34:59.610 28134 28134 W dex2oat32: Could not reserve sentinel fault page
07-05 21:34:59.644 19588 31134 E nightwatch-target: lmkd signal waiters
07-05 21:34:59.731  1248  1893 D SamsungAlarmManager: Expired : 8
07-05 21:34:59.733  1248  1893 V SamsungAlarmManager: Sending to uid : 1000 L=d691cd7:DetectMovementSPListener alarm=Alarm{4883bc9 type 3 when 2453187672 android}
07-05 21:34:59.734  1248  2650 I SLocation: RequestSamsungPosition - connect To Secphone service
07-05 21:34:59.734  1248  2650 W ContextImpl: Calling a method in the system process without a qualified user: android.app.ContextImpl.bindService:1828 com.samsung.android.location.lib.positioning.w.f:24 com.samsung.android.location.lib.positioning.x.o:122 com.samsung.android.location.geofence.sp.a.onAlarm:13 android.app.AlarmManager$ListenerWrapper.run:249 
07-05 21:34:59.735 28134 28134 I ApkToolkit: <FIVE>: Enter to StartProvisionOat
07-05 21:34:59.735 28134 28134 I ApkToolkit: <FIVE>: Exit from StartProvisionOat
07-05 21:34:59.736  1248  1893 I SamsungAlarmManager: setLocked to kernel - T:2 / 20210705T213531, set=2453219866, now=2453187677
07-05 21:34:59.737  1248  1893 I SamsungAlarmManager: setLocked to kernel - T:3 / 20210705T213459, set=2453187940, now=2453187677
07-05 21:34:59.739  1248  2650 D SLocation: SPManager - requestUpdate - SP
07-05 21:34:59.741  1248  2650 D SamsungAlarmManager: setExact (T:3/F:9/AC:false) 20210705T213559 now=2453187682 - CU:1000/CP:1248/L:d691cd7:DetectMovementSPListener
07-05 21:34:59.741  1248  2650 I SamsungAlarmManager: setLocked to kernel - T:2 / 20210705T213531, set=2453219866, now=2453187682
07-05 21:34:59.741  1248  2650 I SamsungAlarmManager: setLocked to kernel - T:3 / 20210705T213459, set=2453187940, now=2453187682
07-05 21:34:59.747  1248  1248 D SLocation: RequestSamsungPosition - onServiceConnected()
07-05 21:34:59.747  1248  1248 I SLocation: RequestSamsungPosition - inside invokeOemRilRequestRaw, send msg to CP through ril for SP.
07-05 21:34:59.768 26408 26429 I MSDG[SmartSwitch]BnRDocumentProvider: queryRoots
07-05 21:34:59.768 26408 26429 I MSDG[SmartSwitch]BnRDocumentProvider: queryRoots is not granted package: com.google.android.documentsui
07-05 21:34:59.769 26055 27145 W ProvidersCache: Failed to load some roots from com.sec.android.easyMover.bnrDocuments
07-05 21:34:59.769 26055 27145 W ProvidersCache: java.lang.NullPointerException: Attempt to invoke interface method 'boolean android.database.Cursor.moveToNext()' on a null object reference
07-05 21:34:59.769 26055 27145 W ProvidersCache: 	at com.android.documentsui.roots.ProvidersCache.loadRootsForAuthority(ProvidersCache.java:357)
07-05 21:34:59.769 26055 27145 W ProvidersCache: 	at com.android.documentsui.roots.ProvidersCache.access$1400(ProvidersCache.java:81)
07-05 21:34:59.769 26055 27145 W ProvidersCache: 	at com.android.documentsui.roots.ProvidersCache$UpdateTask.handleDocumentsProvider(ProvidersCache.java:573)
07-05 21:34:59.769 26055 27145 W ProvidersCache: 	at com.android.documentsui.roots.ProvidersCache$UpdateTask.doInBackground(ProvidersCache.java:529)
07-05 21:34:59.769 26055 27145 W ProvidersCache: 	at com.android.documentsui.roots.ProvidersCache$UpdateTask.doInBackground(ProvidersCache.java:488)
07-05 21:34:59.769 26055 27145 W ProvidersCache: 	at android.os.AsyncTask$3.call(AsyncTask.java:394)
07-05 21:34:59.769 26055 27145 W ProvidersCache: 	at java.util.concurrent.FutureTask.run(FutureTask.java:266)
07-05 21:34:59.769 26055 27145 W ProvidersCache: 	at java.util.concurrent.ThreadPoolExecutor.runWorker(ThreadPoolExecutor.java:1167)
07-05 21:34:59.769 26055 27145 W ProvidersCache: 	at java.util.concurrent.ThreadPoolExecutor$Worker.run(ThreadPoolExecutor.java:641)
07-05 21:34:59.769 26055 27145 W ProvidersCache: 	at java.lang.Thread.run(Thread.java:923)
07-05 21:34:59.778  1248  2650 D SLocation: SPManager - invalid SP Location!
07-05 21:34:59.778  1248  2650 D SLocation: DetectMovementSPListener - receive SP timeout!
07-05 21:34:59.778  1248  2650 D SLocation: SPManager - removeUpdate - SP
07-05 21:34:59.778  1248  2650 D SLocation: RequestSamsungPosition - unbindService SecPhoneServiceConnection.
07-05 21:34:59.807 26408 26429 I MSDG[SmartSwitch]BnRDocumentProvider: queryRoots
07-05 21:34:59.810 26408 26429 I MSDG[SmartSwitch]BnRDocumentProvider: queryRoots is not granted package: com.google.android.documentsui
07-05 21:34:59.812 26055 28143 W ProvidersCache: Failed to load some roots from com.sec.android.easyMover.bnrDocuments
07-05 21:34:59.812 26055 28143 W ProvidersCache: java.lang.NullPointerException: Attempt to invoke interface method 'boolean android.database.Cursor.moveToNext()' on a null object reference
07-05 21:34:59.812 26055 28143 W ProvidersCache: 	at com.android.documentsui.roots.ProvidersCache.loadRootsForAuthority(ProvidersCache.java:357)
07-05 21:34:59.812 26055 28143 W ProvidersCache: 	at com.android.documentsui.roots.ProvidersCache.access$1400(ProvidersCache.java:81)
07-05 21:34:59.812 26055 28143 W ProvidersCache: 	at com.android.documentsui.roots.ProvidersCache$UpdateTask.handleDocumentsProvider(ProvidersCache.java:573)
07-05 21:34:59.812 26055 28143 W ProvidersCache: 	at com.android.documentsui.roots.ProvidersCache$UpdateTask.doInBackground(ProvidersCache.java:529)
07-05 21:34:59.812 26055 28143 W ProvidersCache: 	at com.android.documentsui.roots.ProvidersCache$UpdateTask.doInBackground(ProvidersCache.java:488)
07-05 21:34:59.812 26055 28143 W ProvidersCache: 	at android.os.AsyncTask$3.call(AsyncTask.java:394)
07-05 21:34:59.812 26055 28143 W ProvidersCache: 	at java.util.concurrent.FutureTask.run(FutureTask.java:266)
07-05 21:34:59.812 26055 28143 W ProvidersCache: 	at java.util.concurrent.ThreadPoolExecutor.runWorker(ThreadPoolExecutor.java:1167)
07-05 21:34:59.812 26055 28143 W ProvidersCache: 	at java.util.concurrent.ThreadPoolExecutor$Worker.run(ThreadPoolExecutor.java:641)
07-05 21:34:59.812 26055 28143 W ProvidersCache: 	at java.lang.Thread.run(Thread.java:923)
07-05 21:34:59.877  2270  2360 D NetworkController.SecMobileSignalController(0/1): onSignalStrengthsChanged level=4
07-05 21:34:59.880  2270  2360 D MobileSignalIconsSelector: getDataIconGroup(): 1000
07-05 21:34:59.880  2270  2270 D SystemUI-Operator: isSIMandOperatorMatched() simNumeric:45005, SIM is matched!!!
07-05 21:34:59.902 28134 28134 I ApkToolkit: <FIVE>: Enter to ProvisionOat
07-05 21:34:59.903 28134 28134 I ApkToolkit: PROCA permissions are absent.
07-05 21:34:59.903 28134 28134 I ApkToolkit: FiveSign starts: zip_fd = 11, fd = 9.
07-05 21:34:59.903 28134 28134 I ApkToolkit: PROCA permissions are absent.
07-05 21:34:59.903 28134 28134 I ApkToolkit: FiveSign finished: 0.
07-05 21:34:59.903 28134 28134 I ApkToolkit: FiveSign starts: zip_fd = 11, fd = 10.
07-05 21:34:59.903 28134 28134 I ApkToolkit: PROCA permissions are absent.
07-05 21:34:59.903 28134 28134 I ApkToolkit: FiveSign finished: 0.
07-05 21:34:59.903 28134 28134 I ApkToolkit: <FIVE>: Exit from ProvisionOat
07-05 21:34:59.903 28134 28134 I dex2oat32: dex2oat took 1.197s (1.565s cpu) (threads: 6) arena alloc=7336B (7336B) java alloc=2345KB (2401728B) native alloc=5244KB (5370848B) free=22MB (23713184B)
07-05 21:34:59.915  1216  1244 V installd: DexInv: --- END '/data/app/~~IARj1HiMSMNhuZBOtpD23g==/com.YourCompany.ObjectPool-9IzzAc2Mwlq3kyGrljVwGQ==/base.apk' (success) ---
07-05 21:34:59.917   862   868 E statsd  : Predicate 5980654721335871649 dropping data for dimension key (10)0x2010101->10669[I] (10)0x30000->*dexopt*[S] 
07-05 21:34:59.925  1248 11580 D system_server: mAFPC_Read - w = 1080, h = 2400, s = 8, f = 4, s_size = 10444800, luminance = 219, count = 185, captureOrientation = 0
07-05 21:34:59.999  1248  1893 D SamsungAlarmManager: Expired : 8
07-05 21:35:00.000  1248  1893 V SamsungAlarmManager: Sending to uid : 1000 L=9ef97cb:TIME_TICK alarm=Alarm{2469b01 type 3 when 2453187940 android}
07-05 21:35:00.002  2270  2625 D QSClockBellTower: onReceive(android.intent.action.TIME_TICK) mTimeZoneString:null
07-05 21:35:00.002  2270  2625 D QSClockBellTower: onReceive(android.intent.action.TIME_TICK) mTimeZoneString:null
07-05 21:35:00.003  2270  2270 D KeyguardUpdateMonitor: received broadcast android.intent.action.TIME_TICK
07-05 21:35:00.003  1248  1893 D SamsungAlarmManager: setExact (T:3/F:1/AC:false) 20210705T213559 now=2453187944 - CU:1000/CP:1248/L:9ef97cb:TIME_TICK
07-05 21:35:00.003  1248  1893 I SamsungAlarmManager: setLocked to kernel - T:2 / 20210705T213531, set=2453219866, now=2453187944
07-05 21:35:00.004  1248  1893 I SamsungAlarmManager: setLocked to kernel - T:2 / 20210705T213531, set=2453219866, now=2453187945
07-05 21:35:00.005  1248  1248 I EyeComfortSolutionService: action  :  android.intent.action.TIME_TICK
07-05 21:35:00.007  1248  2431 I EyeComfortSolutionService: BLF Adaptive Mode Enable : false , dayIndex : [0] , boprIndex : [0] , targetIndex : [0 + 11] = 6000.0
07-05 21:35:00.007  1248  2431 I SemMdnieManagerService: setNightMode : false - 11 - true - false
07-05 21:35:00.016  1248  2431 I SemMdnieManagerService: setNightMode : false - 11
07-05 21:35:00.017  2270  2270 D QSClockBellTower: He is ready to ring the bell. (((QSClockBellSound - TimeText:9:35, TimeContentDescription:오후 9:35, DateText:7월 5일 월요일, ShortDateText:7월 5일 (월), Demofalse)))
07-05 21:35:00.018  2270  2270 D QSClockHomeIndicatorView: Home Indicator status_bar_clock notifyTimeChanged(QSClockBellSound - TimeText:9:35, TimeContentDescription:오후 9:35, DateText:7월 5일 월요일, ShortDateText:7월 5일 (월), Demofalse) ClockVisibleByPolicy:true, ClockVisibleByUser:true, visible?true, parent:android.widget.LinearLayout{fa2d829 V.E...... ......ID 82,0-155,56 #7f0a037a app:id/left_clock_container}
07-05 21:35:00.018  2270  2270 D QSClockBellTower: Everyone heard the bell. run(currentTime:1625488500017,   getTime():Mon Jul 05 21:35:00 GMT+09:00 2021,   getTimeZone():libcore.util.ZoneInfo[id="Asia/Seoul",mRawOffset=32400000,mEarliestRawOffset=30472000,mUseDst=false,mDstSavings=0,transitions=29])
07-05 21:35:00.018  2270  2270 D QSClockBellTower: He is ready to ring the bell. (((QSClockBellSound - TimeText:9:35, TimeContentDescription:오후 9:35, DateText:7월 5일 월요일, ShortDateText:7월 5일 (월), Demofalse)))
07-05 21:35:00.018  2270  2270 D QSClockHomeIndicatorView: Home Indicator status_bar_clock notifyTimeChanged(QSClockBellSound - TimeText:9:35, TimeContentDescription:오후 9:35, DateText:7월 5일 월요일, ShortDateText:7월 5일 (월), Demofalse) ClockVisibleByPolicy:true, ClockVisibleByUser:true, visible?true, parent:android.widget.LinearLayout{fa2d829 V.E...... ......ID 82,0-155,56 #7f0a037a app:id/left_clock_container}
07-05 21:35:00.018  2270  2270 D QSClockBellTower: Everyone heard the bell. run(currentTime:1625488500018,   getTime():Mon Jul 05 21:35:00 GMT+09:00 2021,   getTimeZone():libcore.util.ZoneInfo[id="Asia/Seoul",mRawOffset=32400000,mEarliestRawOffset=30472000,mUseDst=false,mDstSavings=0,transitions=29])
07-05 21:35:00.018  2270  2270 D KeyguardUpdateMonitor: handleTimeUpdate
07-05 21:35:00.018  2270  2270 D FaceWidgetPagesController: onTimeChanged()
07-05 21:35:00.025  2270  2270 D MediaControlPanel: mActionButtonNumCollapsed = 3, mActionButtonNumExpand = 4
07-05 21:35:00.026  2270  2270 D MediaControlPanel: mActionButtonNumCollapsed = 3, mActionButtonNumExpand = 4
07-05 21:35:00.026  2270  2270 D MediaControlPanel: mActionButtonNumCollapsed = 3, mActionButtonNumExpand = 4
07-05 21:35:00.026  2270  2270 D MediaControlPanel: mActionButtonNumCollapsed = 3, mActionButtonNumExpand = 4
07-05 21:35:00.026  2270  2270 D MediaControlPanel: mActionButtonNumCollapsed = 3, mActionButtonNumExpand = 4
07-05 21:35:00.026  2270  2270 D MediaControlPanel: mActionButtonNumCollapsed = 3, mActionButtonNumExpand = 4
07-05 21:35:00.026  2270  2270 D MediaControlPanel: mActionButtonNumCollapsed = 3, mActionButtonNumExpand = 4
07-05 21:35:00.027  2270  2270 D MediaControlPanel: mActionButtonNumCollapsed = 3, mActionButtonNumExpand = 4
07-05 21:35:00.027  2270  2270 D MediaControlPanel: mActionButtonNumCollapsed = 3, mActionButtonNumExpand = 4
07-05 21:35:00.027  2270  2270 D MediaControlPanel: mActionButtonNumCollapsed = 3, mActionButtonNumExpand = 4
07-05 21:35:00.027  2270  2270 D MediaControlPanel: mActionButtonNumCollapsed = 3, mActionButtonNumExpand = 4
07-05 21:35:00.027  2270  2270 D MediaControlPanel: mActionButtonNumCollapsed = 3, mActionButtonNumExpand = 4
07-05 21:35:00.027  2270  2270 D MediaControlPanel: mActionButtonNumCollapsed = 3, mActionButtonNumExpand = 4
07-05 21:35:00.030 26408 27241 I MSDG[SmartSwitch]BnRDocumentProvider: queryRoots
07-05 21:35:00.031 26408 26429 I MSDG[SmartSwitch]BnRDocumentProvider: queryRoots
07-05 21:35:00.031 26408 27241 I MSDG[SmartSwitch]BnRDocumentProvider: queryRoots is not granted package: com.google.android.documentsui
07-05 21:35:00.031 26408 26429 I MSDG[SmartSwitch]BnRDocumentProvider: queryRoots is not granted package: com.google.android.documentsui
07-05 21:35:00.032 26055 27145 W ProvidersCache: Failed to load some roots from com.sec.android.easyMover.bnrDocuments
07-05 21:35:00.032 26055 27145 W ProvidersCache: java.lang.NullPointerException: Attempt to invoke interface method 'boolean android.database.Cursor.moveToNext()' on a null object reference
07-05 21:35:00.032 26055 27145 W ProvidersCache: 	at com.android.documentsui.roots.ProvidersCache.loadRootsForAuthority(ProvidersCache.java:357)
07-05 21:35:00.032 26055 27145 W ProvidersCache: 	at com.android.documentsui.roots.ProvidersCache.access$1400(ProvidersCache.java:81)
07-05 21:35:00.032 26055 27145 W ProvidersCache: 	at com.android.documentsui.roots.ProvidersCache$UpdateTask.handleDocumentsProvider(ProvidersCache.java:573)
07-05 21:35:00.032 26055 27145 W ProvidersCache: 	at com.android.documentsui.roots.ProvidersCache$UpdateTask.doInBackground(ProvidersCache.java:529)
07-05 21:35:00.032 26055 27145 W ProvidersCache: 	at com.android.documentsui.roots.ProvidersCache$UpdateTask.doInBackground(ProvidersCache.java:488)
07-05 21:35:00.032 26055 27145 W ProvidersCache: 	at android.os.AsyncTask$3.call(AsyncTask.java:394)
07-05 21:35:00.032 26055 27145 W ProvidersCache: 	at java.util.concurrent.FutureTask.run(FutureTask.java:266)
07-05 21:35:00.032 26055 27145 W ProvidersCache: 	at java.util.concurrent.ThreadPoolExecutor.runWorker(ThreadPoolExecutor.java:1167)
07-05 21:35:00.032 26055 27145 W ProvidersCache: 	at java.util.concurrent.ThreadPoolExecutor$Worker.run(ThreadPoolExecutor.java:641)
07-05 21:35:00.032 26055 27145 W ProvidersCache: 	at java.lang.Thread.run(Thread.java:923)
07-05 21:35:00.032 26055 28143 W ProvidersCache: Failed to load some roots from com.sec.android.easyMover.bnrDocuments
07-05 21:35:00.032 26055 28143 W ProvidersCache: java.lang.NullPointerException: Attempt to invoke interface method 'boolean android.database.Cursor.moveToNext()' on a null object reference
07-05 21:35:00.032 26055 28143 W ProvidersCache: 	at com.android.documentsui.roots.ProvidersCache.loadRootsForAuthority(ProvidersCache.java:357)
07-05 21:35:00.032 26055 28143 W ProvidersCache: 	at com.android.documentsui.roots.ProvidersCache.access$1400(ProvidersCache.java:81)
07-05 21:35:00.032 26055 28143 W ProvidersCache: 	at com.android.documentsui.roots.ProvidersCache$UpdateTask.handleDocumentsProvider(ProvidersCache.java:573)
07-05 21:35:00.032 26055 28143 W ProvidersCache: 	at com.android.documentsui.roots.ProvidersCache$UpdateTask.doInBackground(ProvidersCache.java:529)
07-05 21:35:00.032 26055 28143 W ProvidersCache: 	at com.android.documentsui.roots.ProvidersCache$UpdateTask.doInBackground(ProvidersCache.java:488)
07-05 21:35:00.032 26055 28143 W ProvidersCache: 	at android.os.AsyncTask$3.call(AsyncTask.java:394)
07-05 21:35:00.032 26055 28143 W ProvidersCache: 	at java.util.concurrent.FutureTask.run(FutureTask.java:266)
07-05 21:35:00.032 26055 28143 W ProvidersCache: 	at java.util.concurrent.ThreadPoolExecutor.runWorker(ThreadPoolExecutor.java:1167)
07-05 21:35:00.032 26055 28143 W ProvidersCache: 	at java.util.concurrent.ThreadPoolExecutor$Worker.run(ThreadPoolExecutor.java:641)
07-05 21:35:00.032 26055 28143 W ProvidersCache: 	at java.lang.Thread.run(Thread.java:923)
07-05 21:35:00.077   950 28010 I sensors-hal: handle_sns_client_event:523, [452] mag_sample_cal: ts=2453188012325137 ns; cal = [27.520388, -1.286835, -54.219376], uncal = [-18.407984, 23.289948, -130.757080], bias = [-45.928371, 24.576782, -76.537704], status=3
07-05 21:35:00.146 19588 31134 E nightwatch-target: lmkd signal waiters
07-05 21:35:00.333  2270  2360 D NetworkController.SecMobileSignalController(0/1): onSignalStrengthsChanged level=4
07-05 21:35:00.333  2270  2360 D MobileSignalIconsSelector: getDataIconGroup(): 1000
07-05 21:35:00.334  2270  2270 D SystemUI-Operator: isSIMandOperatorMatched() simNumeric:45005, SIM is matched!!!
07-05 21:35:00.365  1248  1603 D PowerManagerService: [api] setDeviceIdleTempWhitelist: appids: [0]1000  (uid: 1000 pid: 1248)
07-05 21:35:00.584   674   674 I io_stats: !@   8,0 r 17819029 443585136 w 8296849 236753524 d 5224743 422471936 f 6692098 7893917 iot 7421524 5721273 th 102400 102400 67876 pt 56 inp 0 0 788807.844
07-05 21:35:00.621  4954  5450 I SDHMS:G : SIOP:: AP:208(374,100) BAT:308(308,0) USB:318(318,0) CHG:329(329,0) PA:-777(-777,0) CP:343(343,0) WIFI:353(353,0) CF:325(325,0) BLK:0(0,0) SUBBAT:0(0,0) LRP:349(349,0) LRF:-777(-777) LRB:-777(-777) BLRF:347(347) BLRB:349(349) APT:-777(-777) APR:-777(-777) ANT0:-777(-777) 
07-05 21:35:00.621  4954  5450 I SDHMS:G : MODEMQ:: 
07-05 21:35:00.628  1248  4799 D SemContextService: lock : registerCallback
07-05 21:35:00.628  1248  4799 W CAE     : registerCallback(ContextAwareService.java:192) - [regi 01] Mutex is locked for TEST_FLAT_MOTION
07-05 21:35:00.628  1248  4799 W CAE     : registerCallback(ContextAwareService.java:199) - [regi 04]  com.samsung.android.contextaware.ContextAwareManager$CaListenerDelegate@cf26545
07-05 21:35:00.629  1248  4799 W CAE     : getListener(ListenerListManager.java:127) - [getListener1]  com.samsung.android.contextaware.ContextAwareManager$CaListenerDelegate@cf26545
07-05 21:35:00.629  1248  4799 W CAE     : getListener(ListenerListManager.java:128) - [getListener2]  com.samsung.android.contextaware.manager.ContextAwareService$Listener@fecf1bc
07-05 21:35:00.630  1248  4799 V CAE     : start(ContextProvider.java:128)
07-05 21:35:00.630  1248  4799 V CAE     : clear(TestFlatMotionRunner.java:126)
07-05 21:35:00.630  1248  4799 V CAE     : enable(TestFlatMotionRunner.java:102)
07-05 21:35:00.631  1248  4799 I CAE     : sendCmdToSensorHub(SensorHubCommManager.java:156) - -79, 23, 0, 0,
07-05 21:35:00.631  1248  1906 D SensorService: setSContextDataLocked ints length 2 , byte length 4
07-05 21:35:00.631  1248  1906 D SensorService: setSContextDataLocked 17b1
07-05 21:35:00.632   950   950 I sensors-hal: inject_sensor_data:380, handle 1501 send inject
07-05 21:35:00.632   950   950 I sensors-hal: sendContextData:274, sensor hal 4, (0xb1, 0x17, 0x0, 0x0)
07-05 21:35:00.632   950   950 I sensors-hal: sendContextData:327, enable:177, handle:8, algo:16777218
07-05 21:35:00.633   950   950 E sensors-hal: is_restrict_mode:137, fread fail
07-05 21:35:00.634   950   950 I sensors-hal: sendContextData:107, device_position 4
07-05 21:35:00.634  1248  1248 D WifiP2pService: GopsReceiver : received : com.samsung.intent.action.CHECK_SIOP_LEVEL
07-05 21:35:00.634  1248  1248 I WifiP2pService: siop_level = -1
07-05 21:35:00.634   950   950 I sensors-hal: get_qmi_debug_flag:241, support_qmi_debug : false
07-05 21:35:00.637 32473 32509 I SystemBroadcastReceiver: [#CMH#] onReceive completed :  0
07-05 21:35:00.638 32473 32473 I PolicyManager: [#CMH#] onReceive action = EVENT_SIOP
07-05 21:35:00.639  1248  1248 D WifiP2pService: GopsReceiver : received : com.samsung.intent.action.CHECK_SIOP_LEVEL time : 5ms
07-05 21:35:00.644   950   950 I sensors-hal: create_sensor_config_request:47, device_position create_sensor_config_request
07-05 21:35:00.646  1248  4799 D CAE     : getFaultDetectionResult(TestFlatMotionRunner.java:139) - true
07-05 21:35:00.647 19588 31134 E nightwatch-target: lmkd signal waiters
07-05 21:35:00.647  1248  4799 I CAE     : notifyCmdProcessResultObserver(ContextProvider.java:627) - CheckResult = 0, Cause = Success
07-05 21:35:00.650  1248  4799 D CAE     : doCommendProcess(ContextAwareService.java:400) - complete notify the operation result.
07-05 21:35:00.650  1248  4799 I CAE     : displayUsedCountForService(ContextAwareService.java:464) - totalCnt = 1, serviceCount = 1, subCollectionCount = 0
07-05 21:35:00.650  1248  4799 D CAE     : showListenerList(ContextAwareService.java:329) - ===== Context Aware Service List =====
07-05 21:35:00.651  1248  4799 I CAE     : showListenerList(ContextAwareService.java:338) - Listener : com.samsung.android.contextaware.manager.ContextAwareService$Listener@fecf1bc, Service : AUTO_ROTATION(1)
07-05 21:35:00.651  1248  4799 I CAE     : showListenerList(ContextAwareService.java:338) - Listener : com.samsung.android.contextaware.manager.ContextAwareService$Listener@fecf1bc, Service : FREE_FALL_DETECTION(1)
07-05 21:35:00.651  1248  4799 I CAE     : showListenerList(ContextAwareService.java:338) - Listener : com.samsung.android.contextaware.manager.ContextAwareService$Listener@fecf1bc, Service : TEST_FLAT_MOTION(1)
07-05 21:35:00.651  1248  4799 W CAE     : registerCallback(ContextAwareService.java:213) - [regi 02] Mutex is unlocked for TEST_FLAT_MOTION
07-05 21:35:00.651  1248  4799 E SemContext.CaeProvider: setAttribute() : attribute is null!
07-05 21:35:00.652  1248  4799 W Binder  : Outgoing transactions from this process must be FLAG_ONEWAY
07-05 21:35:00.652  1248  4799 W Binder  : java.lang.Throwable
07-05 21:35:00.652  1248  4799 W Binder  : 	at android.os.BinderProxy.transact(BinderProxy.java:514)
07-05 21:35:00.652  1248  4799 W Binder  : 	at com.samsung.android.hardware.context.ISemContextCallback$Stub$Proxy.getListenerInfo(ISemContextCallback.java:162)
07-05 21:35:00.652  1248  4799 W Binder  : 	at com.samsung.android.hardware.context.SemContextService$ListenerManager.notifyListeners(SemContextService.java:1332)
07-05 21:35:00.652  1248  4799 W Binder  : 	at com.samsung.android.hardware.context.SemContextService.registerCallback(SemContextService.java:259)
07-05 21:35:00.652  1248  4799 W Binder  : 	at com.samsung.android.hardware.context.ISemContextService$Stub.onTransact(ISemContextService.java:156)
07-05 21:35:00.652  1248  4799 W Binder  : 	at android.os.Binder.execTransactInternal(Binder.java:1195)
07-05 21:35:00.652  1248  4799 W Binder  : 	at android.os.Binder.execTransact(Binder.java:1159)
07-05 21:35:00.652  1248  4799 D SemContextService: 	.registerCallback : 3, client=com.sec.android.sdhms.thermal.overheatcontrol.OverheatSensorChecker$TypeSemContext$1@51869b4
07-05 21:35:00.652  1248  4799 D SemContextConnectionList: client packageName : com.sec.android.sdhms.thermal.overheatcontrol.OverheatSensorChecker$TypeSemContext$1@51869b4
07-05 21:35:00.652  1248  4799 D SemContextService: unlock : registerCallback
07-05 21:35:00.655  1248  2371 D SensorService: Calling batch handle==51 flags=0 rate=200000000 timeout== 0
07-05 21:35:00.655   950   950 I sensors-hal: set_config:67, sample_period_ns is adjusted to 0 based on min/max delay_ns
07-05 21:35:00.655   950   950 I sensors-hal: batch:336, android.sensor.light/51, period=200000000, max_latency=0 request completed
07-05 21:35:00.656   950   950 I sensors-hal: activate:252, android.sensor.light/51 en=1
07-05 21:35:00.656   950   950 I sensors-hal: get_qmi_debug_flag:241, support_qmi_debug : false
07-05 21:35:00.662   950   950 I sensors-hal: activate:270, android.sensor.light/51 en=1 completed
07-05 21:35:00.665  1248  2371 D SensorService: Calling batch handle==33554433 flags=0 rate=10000000 timeout== 0
07-05 21:35:00.665   950   950 D SensorsFlicker: Als_common::setDelay, handle : 1 time : 10000000ns
07-05 21:35:00.666   950   950 D SensorsFlicker: Als_common::enable, handle : 1, mode : 1, en : 1
07-05 21:35:00.666   950   950 D SensorsFlicker: Als_common::sendCommand, send enable command
07-05 21:35:00.740  1248  2371 D SensorService: removeConnection, index : 0, size : 1
07-05 21:35:00.740  1248  2371 D SensorService: # removeConnection, index : 0, size : 0
07-05 21:35:00.740  1248  2371 D SensorService: Calling activate off 33554433
07-05 21:35:00.741   950   950 D SensorsFlicker: Als_common::enable, handle : 1, mode : 1, en : 0
07-05 21:35:00.744   950   950 D SensorsFlicker: Als_common::sendCommand, send disable command
07-05 21:35:00.757   950 28145 I sensors-hal: handle_sns_client_event:77, device_position_event: msgid:1025
07-05 21:35:00.758   950 28145 I sensors-hal: handle_sns_client_event:96, device_position_event: 3
07-05 21:35:00.759  1248  1897 D SensorHubManager: onGetSensorHubDataLocked: library(4) = 1, 1, 23, 3
07-05 21:35:00.760  1248  1898 D CAE     : onGetSensorHubData(SensorHubParserProvider.java:89) - onGetSensorHubData Event [event buffer len :4], AP_WAKEUP
07-05 21:35:00.760  1248  1898 I CAE     : parse(SensorHubParserProvider.java:190) - buffer size = 4
07-05 21:35:00.760  1248  1898 I CAE     : parse(SensorHubParserProvider.java:201) - 1, 1, 23, 3,
07-05 21:35:00.760  1248  1898 D CAE     : display(ContextProvider.java:375) - ================= TEST_FLAT_MOTION =================
07-05 21:35:00.761  1248  1898 I CAE     : display(ContextProvider.java:391) - Action=[3]
07-05 21:35:00.761  1248  1895 D SemContextService: Service.updateContext() : service = Device Position
07-05 21:35:00.763  1248  2371 D SemContextService: lock : unregisterCallback
07-05 21:35:00.763  1248  2371 D SemContextService: Service.removeListenerLocked() : listener = com.samsung.android.hardware.context.SemContextService$Listener@84bd00, service = Device Position, used = 0
07-05 21:35:00.763  1248  2371 W CAE     : unregisterCallback(ContextAwareService.java:234) - [unregi 01] Mutex is locked for TEST_FLAT_MOTION
