07-05 21:35:14.302  2270  2270 D SystemUI-Operator: isSIMandOperatorMatched() simNumeric:45005, SIM is matched!!!
07-05 21:35:14.666 19588 31134 E nightwatch-target: lmkd signal waiters
07-05 21:35:14.926  2270  2360 D NetworkController.SecMobileSignalController(0/1): onSignalStrengthsChanged level=4
07-05 21:35:14.928  2270  2360 D MobileSignalIconsSelector: getDataIconGroup(): 1000
07-05 21:35:14.930  2270  2270 D SystemUI-Operator: isSIMandOperatorMatched() simNumeric:45005, SIM is matched!!!
07-05 21:35:15.087   950 28022 I sensors-hal: handle_sns_client_event:630, [0][1213] gyro_sample_cal(3) [-0.027, 0.036, 0.039] 2453203011392094
07-05 21:35:15.168 19588 31134 E nightwatch-target: lmkd signal waiters
07-05 21:35:15.236   950 28003 I sensors-hal: handle_sns_client_event:541, [0][1224] accel_sample [ 1.292,  6.044,  7.213] 2453203162260062
07-05 21:35:15.356  2270  2360 D NetworkController.SecMobileSignalController(0/1): onSignalStrengthsChanged level=4
07-05 21:35:15.360  2270  2360 D MobileSignalIconsSelector: getDataIconGroup(): 1000
07-05 21:35:15.361  2270  2270 D SystemUI-Operator: isSIMandOperatorMatched() simNumeric:45005, SIM is matched!!!
07-05 21:35:15.668 19588 31134 E nightwatch-target: lmkd signal waiters
07-05 21:35:16.078   950 28010 I sensors-hal: handle_sns_client_event:523, [1252] mag_sample_cal: ts=2453204012327198 ns; cal = [14.717749, -4.186487, -60.008972], uncal = [-31.210623, 20.390295, -136.546677], bias = [-45.928371, 24.576782, -76.537704], status=3
07-05 21:35:16.086  1248  1592 E Watchdog: !@Sync: 26281 heap: 113 / 123 [2021-07-05 21:35:16.086] sdogWay: softdog
07-05 21:35:16.155   950 24558 I sensors-hal: handle_sns_client_event:168, auto_rotation_event: 255/-0.261,3.773,9.751
07-05 21:35:16.158  1248  1897 D SensorHubManager: onGetSensorHubDataLocked: library(4) = 1, 1, 7, -1
07-05 21:35:16.158  1248  1898 D CAE     : onGetSensorHubData(SensorHubParserProvider.java:89) - onGetSensorHubData Event [event buffer len :4], AP_WAKEUP
07-05 21:35:16.159  1248  1898 I CAE     : parse(SensorHubParserProvider.java:190) - buffer size = 4
07-05 21:35:16.159  1248  1898 I CAE     : parse(SensorHubParserProvider.java:201) - 1, 1, 7, -1,
07-05 21:35:16.159  1248  1898 D CAE     : display(ContextProvider.java:375) - ================= AUTO_ROTATION =================
07-05 21:35:16.160  1248  1898 I CAE     : display(ContextProvider.java:391) - Angle=[-1]
07-05 21:35:16.160  1248  1895 D SemContextService: Service.updateContext() : service = Auto Rotation
07-05 21:35:16.161  1248  1544 D SemContextManager: onSemContextChanged() : event = Auto Rotation Angle : -1
07-05 21:35:16.161  1248  1544 D SemContextManager: AutoRotationEvent : Angle = -1
07-05 21:35:16.161  1248  1544 D WindowOrientationListener: OrientationSensorJudge.onSemContextChanged, Rotation: -1
07-05 21:35:16.161  1248  1544 V WindowManager: rotationForOrientation(orient=SCREEN_ORIENTATION_PORTRAIT (1), last=ROTATION_0 (0)); user=ROTATION_0 (0) USER_ROTATION_LOCKED
07-05 21:35:16.161  1248  1544 V WindowOrientationListener: getProposedRotation: -1
07-05 21:35:16.162  1248  1544 V WindowManager: Computed rotation=ROTATION_0 (0) for display id=0 based on lastOrientation=SCREEN_ORIENTATION_PORTRAIT (1) and oldRotation=ROTATION_0 (0), caller=com.android.server.wm.DisplayContent.updateRotationUnchecked:1992 com.android.server.wm.WindowManagerService.updateRotationUnchecked:4360 com.android.server.wm.WindowManagerService.updateRotation:4341 com.android.server.wm.DisplayRotation$OrientationListener$UpdateRunnable.run:1736 android.os.Handler.handleCallback:938 android.os.Handler.dispatchMessage:99 
07-05 21:35:16.165  1248  1549 D SurfaceControl: hide : mNativeObject = -5476376656984424400 - sc.mNativeObject = -5476376656983626768 - Surface(name=Input Consumer recents_animation_input_consumer)/@0x7aa0eb
07-05 21:35:16.165  1248  1549 D SurfaceControl: nativeSetFlags Done : Surface(name=Input Consumer recents_animation_input_consumer)/@0x7aa0eb
07-05 21:35:16.169 19588 31134 E nightwatch-target: lmkd signal waiters
07-05 21:35:16.278  2270  2360 D NetworkController.SecMobileSignalController(0/1): onSignalStrengthsChanged level=4
07-05 21:35:16.278  2270  2360 D MobileSignalIconsSelector: getDataIconGroup(): 1000
07-05 21:35:16.279  2270  2270 D SystemUI-Operator: isSIMandOperatorMatched() simNumeric:45005, SIM is matched!!!
07-05 21:35:16.669 19588 31134 E nightwatch-target: lmkd signal waiters
07-05 21:35:16.840  1248  1921 D InputReader: Btn_touch(9): value=1 when=788824.101363
07-05 21:35:16.840  1248  1921 I InputReader: Touch event's action is 0x0 (id=3, t=0) [pCnt=1, s=0.9658 ] when=788824.101363
07-05 21:35:16.842  1248  1920 I InputDispatcher: Delivering touch to (24200): action: 0x0, f=0x0, d=0, 'f051d09', t=1 +(0,-73)
07-05 21:35:16.842  1248  1920 D PowerManagerService: UserActivityStateListenerState: 1
07-05 21:35:16.844 24200 24200 I ViewRootImpl@30dc2d[GameActivity]: ViewPostIme pointer 0
07-05 21:35:16.931  1248  1921 D InputReader: Btn_touch(9): value=0 when=788824.192318
07-05 21:35:16.931  1248  1921 I InputReader: Touch event's action is 0x1 (id=3, t=0) [pCnt=1, s=] when=788824.192318
07-05 21:35:16.932  1248  1920 I InputDispatcher: Delivering touch to (24200): action: 0x1, f=0x0, d=0, 'f051d09', t=1 +(0,-73)
07-05 21:35:16.933 24200 24200 I ViewRootImpl@30dc2d[GameActivity]: ViewPostIme pointer 1
07-05 21:35:17.085   950 28022 I sensors-hal: handle_sns_client_event:630, [0][1314] gyro_sample_cal(3) [-0.317,-0.053, 0.259] 2453205009413396
07-05 21:35:17.170 19588 31134 E nightwatch-target: lmkd signal waiters
07-05 21:35:17.173  2270  2360 D NetworkController.SecMobileSignalController(0/1): onSignalStrengthsChanged level=4
07-05 21:35:17.173  2270  2360 D MobileSignalIconsSelector: getDataIconGroup(): 1000
07-05 21:35:17.173  2270  2270 D SystemUI-Operator: isSIMandOperatorMatched() simNumeric:45005, SIM is matched!!!
