07-05 21:34:51.007  2584  2584 I SurfaceControl: nativeRelease nativeObject e[-5476376656983567104]
07-05 21:34:51.007  2584  2584 I SurfaceControl: assignNativeObject: nativeObject = 0 Surface(name=null)/@0xe57d85c / android.view.SurfaceControl.readFromParcel:1115 android.view.IWindowSession$Stub$Proxy.relayout:1777 android.view.ViewRootImpl.relayoutWindow:8953 android.view.ViewRootImpl.performTraversals:3312 android.view.ViewRootImpl.doTraversal:2575 android.view.ViewRootImpl$TraversalRunnable.run:9916 android.view.Choreographer$CallbackRecord.run:1010 android.view.Choreographer.doCallbacks:809 android.view.Choreographer.doFrame:744 android.view.Choreographer$FrameDisplayEventReceiver.run:995 
07-05 21:34:51.007  2584  2584 I SurfaceControl: assignNativeObject: nativeObject = 0 Surface(name=null)/@0xf88c9a9 / android.view.SurfaceControl.readFromParcel:1115 android.view.IWindowSession$Stub$Proxy.relayout:1787 android.view.ViewRootImpl.relayoutWindow:8953 android.view.ViewRootImpl.performTraversals:3312 android.view.ViewRootImpl.doTraversal:2575 android.view.ViewRootImpl$TraversalRunnable.run:9916 android.view.Choreographer$CallbackRecord.run:1010 android.view.Choreographer.doCallbacks:809 android.view.Choreographer.doFrame:744 android.view.Choreographer$FrameDisplayEventReceiver.run:995 
07-05 21:34:51.008  2584  2584 I SurfaceControl: release : mNativeObject = -5476376656984273744 - Surface(name=Surface(name=4175542 InputMethod)/@0xbb677af - animation-leash)/@0x330554a / android.view.-$$Lambda$Rl1VZmNJ0VZDLK0BAbaVGis0rrA.accept:2 android.view.InsetsSourceControl.release:170 android.view.InsetsSourceConsumer.setControl:202 android.view.ImeInsetsSourceConsumer.setControl:154 
07-05 21:34:51.008  2584  2584 I SurfaceControl: nativeRelease nativeObject s[-5476376656984273744]
07-05 21:34:51.008  2584  2584 I SurfaceControl: nativeRelease nativeObject e[-5476376656984273744]
07-05 21:34:51.008  2584  2584 I ViewRootImpl@52e32c9[LauncherActivity]: Relayout returned: old=(0,0,1080,2400) new=(0,0,1080,2400) req=(1080,2400)8 dur=4 res=0x5 s={false 0} ch=true fn=72
07-05 21:34:51.008   950   950 I sensors-hal: get_qmi_debug_flag:241, support_qmi_debug : false
07-05 21:34:51.009  1044  1044 D SurfaceFlinger: Display 19261213734341249 HWC layers:
07-05 21:34:51.009  1044  1044 D SurfaceFlinger:      DEVICE | 0xb400006dc0a2c370 | 0000 | RGBA_8888    |    0.0    0.0 1080.0 2400.0 |    0    0 1080 2400 | Splash Screen com.YourCompany.ObjectPool#0
07-05 21:34:51.009  1044  1044 D SurfaceFlinger:      DEVICE | 0xb400006dc0a29dc0 | 0000 | RGBA_8888    |    0.0    0.0   67.0  478.0 |    0  446   67  924 | com.samsung.android.app.cocktailbars[...]arservice.CocktailBarService$_9371#0
07-05 21:34:51.009  1044  1044 D SurfaceFlinger:      DEVICE | 0xb400006dc09fc280 | 0000 | RGBA_8888    |    0.0    0.0 1080.0  126.0 |    0 2274 1080 2400 | NavigationBar0$_2270#0
07-05 21:34:51.009  1044  1044 D SurfaceFlinger: 
07-05 21:34:51.011   950 28006 I sensors-hal: handle_indication_realtime:466,  SCHED_FIFO(10) for qmi_cbk
07-05 21:34:51.014   950   950 I sensors-hal: activate:305, mag_filter is disabled
07-05 21:34:51.014   950   950 I sensors-hal: activate:270, android.sensor.magnetic_field/21 en=1 completed
07-05 21:34:51.014 24200 24200 D SensorManager: registerListener :: 21, AK09918 Magnetometer, 20000, 0, com.epicgames.ue4.GameActivity@10c137b
07-05 21:34:51.015  1248  4799 D SensorService: Calling batch handle==41 flags=0 rate=20000000 timeout== 0
07-05 21:34:51.015   950   950 I sensors-hal: set_config:67, sample_period_ns is adjusted to 20000000 based on min/max delay_ns
07-05 21:34:51.015   950   950 I sensors-hal: batch:336, android.sensor.gyroscope/41, period=20000000, max_latency=0 request completed
07-05 21:34:51.015   950   950 I sensors-hal: activate:252, android.sensor.gyroscope/41 en=1
07-05 21:34:51.015   950   950 I sensors-hal: get_qmi_debug_flag:241, support_qmi_debug : false
07-05 21:34:51.019 17934 17934 I SB_Receiver: action : com.samsung.android.sm.security.service.ACTION_SERVICE_STATUS_CHANGED
07-05 21:34:51.020   950 28010 I sensors-hal: handle_indication_realtime:466,  SCHED_FIFO(10) for qmi_cbk
07-05 21:34:51.021  1248  1549 D SurfaceControl: hide : mNativeObject = -5476376656984424400 - sc.mNativeObject = -5476376656983626768 - Surface(name=Input Consumer recents_animation_input_consumer)/@0x7aa0eb
07-05 21:34:51.021  1248  1549 D SurfaceControl: nativeSetFlags Done : Surface(name=Input Consumer recents_animation_input_consumer)/@0x7aa0eb
07-05 21:34:51.021 17934 17934 W ContextImpl: Calling a method in the system process without a qualified user: android.app.ContextImpl.startService:1739 android.content.ContextWrapper.startService:738 com.samsung.android.sm.security.model.trigger.SecurityBridgeProvider.b:4 com.samsung.android.sm.security.model.trigger.SecurityBridgeProvider.call:9 android.content.ContentProvider.call:2489 
07-05 21:34:51.021   950   950 I sensors-hal: set_config:67, sample_period_ns is adjusted to 1000000000 based on min/max delay_ns
07-05 21:34:51.021   950   950 I sensors-hal: get_qmi_debug_flag:241, support_qmi_debug : false
07-05 21:34:51.022   950 28003 I sensors-hal: handle_sns_client_event:541, [0][0] accel_sample [-0.007, -0.078,  9.696] 2453178948655449
07-05 21:34:51.023   950 28014 I sensors-hal: handle_indication_realtime:466,  SCHED_FIFO(10) for qmi_cbk
07-05 21:34:51.024   950   950 I sensors-hal: get_qmi_debug_flag:241, support_qmi_debug : false
07-05 21:34:51.025 17934 28020 I SB_Processor: action : com.samsung.android.sm.security.service.ACTION_SERVICE_STATUS_CHANGED
07-05 21:34:51.025 17934 28020 I SB_BgScanServiceCompleted : name : app_verification, status  : completed
07-05 21:34:51.027   950   950 I sensors-hal: activate:270, android.sensor.gyroscope/41 en=1 completed
07-05 21:34:51.027 24200 24200 D SensorManager: registerListener :: 41, LSM6DSO Gyroscope, 20000, 0, com.epicgames.ue4.GameActivity@10c137b
07-05 21:34:51.027 24200 24200 D UE4     : App is running in Portrait
07-05 21:34:51.027 24200 24200 D UE4     : [GameActivity] === Restoring Transparent Bars ===
07-05 21:34:51.028 24200 24200 D UE4     : [GameActivity] ==============> Resuming main init
07-05 21:34:51.028   950 28018 I sensors-hal: handle_indication_realtime:466,  SCHED_FIFO(10) for qmi_cbk
07-05 21:34:51.031 24200 27997 D UE4     : APK Commandline: ../../../ObjectPool/ObjectPool.uproject  /Game/MobileStarterContent/Maps/Minimal_Default -Messaging -SessionId=7A01BEF7479F1FB2BF6F90B2CB7FD964 -SessionOwner="ManDu" -SessionName="Launch On Device" -iterative
07-05 21:34:51.032 24200 27997 D UE4     : Override Commandline: ../../../ObjectPool/ObjectPool.uproject  /Game/MobileStarterContent/Maps/Minimal_Default -Messaging -SessionId=7A01BEF7479F1FB2BF6F90B2CB7FD964 -SessionOwner="ManDu" -SessionName="Launch On Device" -iterative
07-05 21:34:51.032 24200 27997 D UE4     : Final commandline: ../../../ObjectPool/ObjectPool.uproject  /Game/MobileStarterContent/Maps/Minimal_Default -Messaging -SessionId=7A01BEF7479F1FB2BF6F90B2CB7FD964 -SessionOwner="ManDu" -SessionName="Launch On Device" -iterative
07-05 21:34:51.032 24200 27997 D UE4     : Created sync event
07-05 21:34:51.032   950 28022 I sensors-hal: handle_indication_realtime:466,  SCHED_FIFO(10) for qmi_cbk
07-05 21:34:51.037   950 28010 I sensors-hal: handle_sns_client_event:523, [0] mag_sample_cal: ts=2453178972325137 ns; cal = [15.064787, 20.411777, -49.139259], uncal = [-30.863585, 44.988560, -125.676964], bias = [-45.928371, 24.576782, -76.537704], status=3
07-05 21:34:51.038 24200 24200 D UE4     : [GameActivity] ==============> GameActive.onResume complete!
07-05 21:34:51.040 24200 27981 D NativeCustomFrequencyManager: [NativeCFMS] BpCustomFrequencyManager::BpCustomFrequencyManager()
07-05 21:34:51.041  1248  2370 D InputTransport: Input channel constructed: 'f051d09', fd=849
07-05 21:34:51.041  1248  2370 D InputTransport: Input channel constructed: 'f051d09', fd=1227
07-05 21:34:51.042  1044  1664 I SurfaceFlinger: id=233835 createSurf (0x0),-1 flag=80004, f051d09 com.YourCompany.ObjectPool/com.epicgames.ue4.GameActivity#0
07-05 21:34:51.042  1248  2370 D WindowManager: isScreenshotDisabledLocked: userId = 0, disabled =false
07-05 21:34:51.042  1248  2370 D InputTransport: Input channel destroyed: 'f051d09', fd=1227
07-05 21:34:51.042  1248  1549 D SurfaceControl: hide : mNativeObject = -5476376656984424400 - sc.mNativeObject = -5476376656983626768 - Surface(name=Input Consumer recents_animation_input_consumer)/@0x7aa0eb
07-05 21:34:51.042  1248  1549 D SurfaceControl: nativeSetFlags Done : Surface(name=Input Consumer recents_animation_input_consumer)/@0x7aa0eb
07-05 21:34:51.043 24200 24200 D InputTransport: Input channel constructed: 'f051d09', fd=100
07-05 21:34:51.044 24200 24200 I ViewRootImpl@30dc2d[GameActivity]: setView = com.android.internal.policy.DecorView@a1de9c6 TM=true
07-05 21:34:51.048 24200 24200 D ViewRootImpl@7fedc52[GameActivity]: controlInsetsForCompatibility: hideByFlags=0x3, showByFlags=0x0, flags=0x1810508, sysUiVis=0xf06, matchParent=true, nonAttachedAppWindow=true
07-05 21:34:51.049 24200 24200 D InsetsSourceConsumer: setRequestedVisible: visible=false, type=1, host=com.YourCompany.ObjectPool/com.epicgames.ue4.GameActivity, from=android.view.InsetsSourceConsumer.hide:236 android.view.InsetsController.collectSourceControls:1172 android.view.InsetsController.controlAnimationUnchecked:1049 android.view.InsetsController.applyAnimation:1417 android.view.InsetsController.hide:984 android.view.InsetsController.hide:967 android.view.ViewRootImpl.controlInsetsForCompatibility:2809 android.view.ViewRootImpl.performTraversals:3266 android.view.ViewRootImpl.doTraversal:2575 android.view.ViewRootImpl$TraversalRunnable.run:9916 
07-05 21:34:51.049 24200 24200 D InsetsSourceConsumer: setRequestedVisible: visible=false, type=0, host=com.YourCompany.ObjectPool/com.epicgames.ue4.GameActivity, from=android.view.InsetsSourceConsumer.hide:236 android.view.InsetsController.collectSourceControls:1172 android.view.InsetsController.controlAnimationUnchecked:1049 android.view.InsetsController.applyAnimation:1417 android.view.InsetsController.hide:984 android.view.InsetsController.hide:967 android.view.ViewRootImpl.controlInsetsForCompatibility:2809 android.view.ViewRootImpl.performTraversals:3266 android.view.ViewRootImpl.doTraversal:2575 android.view.ViewRootImpl$TraversalRunnable.run:9916 
07-05 21:34:51.049  1248  4799 V WindowManager: Relayout Window{1a7fce0 u0 com.YourCompany.ObjectPool/com.epicgames.ue4.GameActivity}: viewVisibility=0 req=1080x2400
07-05 21:34:51.050  1248  4799 D WindowManager: isScreenshotDisabledLocked: userId = 0, disabled =false
07-05 21:34:51.051  1044  1111 I SurfaceFlinger: id=233836 createSurf (1080x2327),1 flag=4, com.YourCompany.ObjectPool/com.epicgames.ue4.GameActivity$_24200#0
07-05 21:34:51.051  1248  4799 D WindowManager: makeSurface duration=1 name=com.YourCompany.ObjectPool/com.epicgames.ue4.GameActivity$_24200
07-05 21:34:51.051  1248  1549 D SurfaceControl: hide : mNativeObject = -5476376656984424400 - sc.mNativeObject = -5476376656983626768 - Surface(name=Input Consumer recents_animation_input_consumer)/@0x7aa0eb
07-05 21:34:51.051  1248  1549 D SurfaceControl: nativeSetFlags Done : Surface(name=Input Consumer recents_animation_input_consumer)/@0x7aa0eb
07-05 21:34:51.052  1248  4799 V WindowManager: Relayout hash=1a7fce0, pid=24200: mAttrs={(0,0)(fillxfill) gr=CENTER sim={adjust=pan forwardNavigation} ty=APPLICATION fmt=TRANSLUCENT wanim=0x1030001
07-05 21:34:51.052  1248  4799 V WindowManager:   fl=1810508
07-05 21:34:51.052  1248  4799 V WindowManager:   pfl=12020000
07-05 21:34:51.052  1248  4799 V WindowManager:   vsysui=f06
07-05 21:34:51.052  1248  4799 V WindowManager:   apr=LIGHT_NAVIGATION_BARS
07-05 21:34:51.052  1248  4799 V WindowManager:   bhv=SHOW_TRANSIENT_BARS_BY_SWIPE
07-05 21:34:51.052  1248  4799 V WindowManager:   fitSides= naviIconColor=0
07-05 21:34:51.052  1248  4799 V WindowManager:   sfl=100000}
07-05 21:34:51.052  1248  4799 I SurfaceControl: release : mNativeObject = -5476376656969306176 - Surface(name=com.YourCompany.ObjectPool/com.epicgames.ue4.GameActivity$_24200)/@0x21e692f / android.view.SurfaceControl.writeToParcel:1136 android.view.IWindowSession$Stub.onTransact:910 com.android.server.wm.Session.onTransact:145 android.os.Binder.execTransactInternal:1190 
07-05 21:34:51.052  1248  4799 I SurfaceControl: nativeRelease nativeObject s[-5476376656969306176]
07-05 21:34:51.052  1248  4799 I SurfaceControl: nativeRelease nativeObject e[-5476376656969306176]
07-05 21:34:51.053 24200 24200 I SurfaceControl: assignNativeObject: nativeObject = 0 Surface(name=null)/@0xfb1a562 / android.view.SurfaceControl.readFromParcel:1115 android.view.IWindowSession$Stub$Proxy.relayout:1787 android.view.ViewRootImpl.relayoutWindow:8953 android.view.ViewRootImpl.performTraversals:3312 android.view.ViewRootImpl.doTraversal:2575 android.view.ViewRootImpl$TraversalRunnable.run:9916 android.view.Choreographer$CallbackRecord.run:1010 android.view.Choreographer.doCallbacks:809 android.view.Choreographer.doFrame:744 android.view.Choreographer$FrameDisplayEventReceiver.run:995 
07-05 21:34:51.054 24200 24200 I ViewRootImpl@7fedc52[GameActivity]: Relayout returned: old=(0,0,1080,2400) new=(0,73,1080,2400) req=(1080,2400)0 dur=4 res=0x7 s={true 3946956144} ch=true fn=-1
07-05 21:34:51.070 24200 27981 D OpenGLRenderer: GPIS:: SetUp Pid : 24200    Tid : 27981
07-05 21:34:51.071 24200 24200 I SurfaceView: onWindowVisibilityChanged(0) true android.view.SurfaceView{ad376f3 V.E...... ......I. 0,0-0,0} of ViewRootImpl@30dc2d[GameActivity]
07-05 21:34:51.073 24200 24200 D ViewRootImpl@30dc2d[GameActivity]: controlInsetsForCompatibility: hideByFlags=0x3, showByFlags=0x0, flags=0x1810500, sysUiVis=0x1706, matchParent=true, nonAttachedAppWindow=true
07-05 21:34:51.073 24200 24200 D InsetsSourceConsumer: setRequestedVisible: visible=false, type=1, host=com.YourCompany.ObjectPool/com.epicgames.ue4.GameActivity, from=android.view.InsetsSourceConsumer.hide:236 android.view.InsetsController.collectSourceControls:1172 android.view.InsetsController.controlAnimationUnchecked:1049 android.view.InsetsController.applyAnimation:1417 android.view.InsetsController.hide:984 android.view.InsetsController.hide:967 android.view.ViewRootImpl.controlInsetsForCompatibility:2809 android.view.ViewRootImpl.performTraversals:3266 android.view.ViewRootImpl.doTraversal:2575 android.view.ViewRootImpl$TraversalRunnable.run:9916 
07-05 21:34:51.073 24200 24200 D InsetsSourceConsumer: setRequestedVisible: visible=false, type=0, host=com.YourCompany.ObjectPool/com.epicgames.ue4.GameActivity, from=android.view.InsetsSourceConsumer.hide:236 android.view.InsetsController.collectSourceControls:1172 android.view.InsetsController.controlAnimationUnchecked:1049 android.view.InsetsController.applyAnimation:1417 android.view.InsetsController.hide:984 android.view.InsetsController.hide:967 android.view.ViewRootImpl.controlInsetsForCompatibility:2809 android.view.ViewRootImpl.performTraversals:3266 android.view.ViewRootImpl.doTraversal:2575 android.view.ViewRootImpl$TraversalRunnable.run:9916 
07-05 21:34:51.074  1248  1431 V WindowManager: Relayout Window{f051d09 u0 com.YourCompany.ObjectPool/com.epicgames.ue4.GameActivity}: viewVisibility=0 req=1080x2400
07-05 21:34:51.075  1248  1431 D WindowManager: isScreenshotDisabledLocked: userId = 0, disabled =false
07-05 21:34:51.075  1044  1664 I SurfaceFlinger: id=233837 createSurf (1080x2327),1 flag=4, com.YourCompany.ObjectPool/com.epicgames.ue4.GameActivity$_24200#1
07-05 21:34:51.076  1248  1431 D WindowManager: makeSurface duration=0 name=com.YourCompany.ObjectPool/com.epicgames.ue4.GameActivity$_24200
07-05 21:34:51.076  1248  1431 V WindowManager: Changing focus from null to Window{f051d09 u0 com.YourCompany.ObjectPool/com.epicgames.ue4.GameActivity} displayId=0 Callers=com.android.server.wm.RootWindowContainer.updateFocusedWindowLocked:566 com.android.server.wm.WindowManagerService.updateFocusedWindowLocked:6292 com.android.server.wm.WindowManagerService.relayoutWindow:2706 com.android.server.wm.Session.relayout:219 
07-05 21:34:51.076  1248  1431 I WindowManager: Cancelling animation restarting=true, leash=Surface(name=Surface(name=2fa1224 StatusBar)/@0xe153d22 - animation-leash)/@0x8b1dc4c
07-05 21:34:51.076  1248 27973 I SystemUiVisibilityPolicyController: handleMessage: entry what = 1
07-05 21:34:51.076  1248  1431 I WindowManager: Reparenting to original parent: Surface(name=WindowToken{bcbdab7 android.os.BinderProxy@b7e8151})/@0x1f793b3, destroy=false, surface=Surface(name=2fa1224 StatusBar)/@0xe153d22
07-05 21:34:51.076  1248  1431 I SurfaceControl: release : mNativeObject = -5476376656978297136 - Surface(name=Surface(name=2fa1224 StatusBar)/@0xe153d22 - animation-leash)/@0x8b1dc4c / android.view.SurfaceControl$Transaction.remove:3449 com.android.server.wm.SurfaceAnimator.cancelAnimation:365 com.android.server.wm.SurfaceAnimator.startAnimation:161 com.android.server.wm.WindowContainer.startAnimation:2211 
07-05 21:34:51.076  1248  1431 I SurfaceControl: nativeRelease nativeObject s[-5476376656978297136]
07-05 21:34:51.076  1248  1431 I SurfaceControl: nativeRelease nativeObject e[-5476376656978297136]
07-05 21:34:51.076  1248  1431 I WindowManager: Reparenting to leash, surface=Surface(name=2fa1224 StatusBar)/@0xe153d22, leashParent=Surface(name=WindowToken{bcbdab7 android.os.BinderProxy@b7e8151})/@0x1f793b3
07-05 21:34:51.077  9371  9371 I TrayStateController: systemUiVisibilityChanged : 2 0
07-05 21:34:51.077  1044  1664 I SurfaceFlinger: id=233838 createSurf (0x0),-1 flag=24004, Surface(name=2fa1224 StatusBar)/@0xe153d22 - animation-leash#1
07-05 21:34:51.077  1248  1431 D WindowManager: makeSurface duration=1 leash=Surface(name=Surface(name=2fa1224 StatusBar)/@0xe153d22 - animation-leash)/@0xb5980c5
07-05 21:34:51.077  1248  1431 I WindowManager: Cancelling animation restarting=true, leash=Surface(name=Surface(name=78b24d7 NavigationBar0)/@0xe8758e9 - animation-leash)/@0x36d29aa
07-05 21:34:51.077  1248  1431 I WindowManager: Reparenting to original parent: Surface(name=WindowToken{28d8c56 android.os.BinderProxy@5239c18})/@0x9ee096e, destroy=false, surface=Surface(name=78b24d7 NavigationBar0)/@0xe8758e9
07-05 21:34:51.077  1248  1431 I SurfaceControl: release : mNativeObject = -5476376656982217536 - Surface(name=Surface(name=78b24d7 NavigationBar0)/@0xe8758e9 - animation-leash)/@0x36d29aa / android.view.SurfaceControl$Transaction.remove:3449 com.android.server.wm.SurfaceAnimator.cancelAnimation:365 com.android.server.wm.SurfaceAnimator.startAnimation:161 com.android.server.wm.WindowContainer.startAnimation:2211 
07-05 21:34:51.077  1248  1431 I SurfaceControl: nativeRelease nativeObject s[-5476376656982217536]
07-05 21:34:51.077  1248  1431 I SurfaceControl: nativeRelease nativeObject e[-5476376656982217536]
07-05 21:34:51.077  1248  1431 I WindowManager: Reparenting to leash, surface=Surface(name=78b24d7 NavigationBar0)/@0xe8758e9, leashParent=Surface(name=WindowToken{28d8c56 android.os.BinderProxy@5239c18})/@0x9ee096e
07-05 21:34:51.077  1044  1664 I SurfaceFlinger: id=233839 createSurf (0x0),-1 flag=24000, Surface(name=78b24d7 NavigationBar0)/@0xe8758e9 - animation-leash#1
07-05 21:34:51.077  1248  1431 D WindowManager: makeSurface duration=0 leash=Surface(name=Surface(name=78b24d7 NavigationBar0)/@0xe8758e9 - animation-leash)/@0x9b2694b
07-05 21:34:51.077  1248  1431 D StatusBarManagerService: notifyRequestedSystemKey recent=false home=false
07-05 21:34:51.077  1248  1544 D WindowManager: setDisableFlags: displayId=0, vis=0x970e, appearance=16, transientState=Pair{[I@80ddf28 [I@8d66441}, isFullscreen=true, isImmersive=true, barType=0, win=Window{f051d09 u0 com.YourCompany.ObjectPool/com.epicgames.ue4.GameActivity}
07-05 21:34:51.078  1248  1549 D SurfaceControl: hide : mNativeObject = -5476376656984424400 - sc.mNativeObject = -5476376656983626768 - Surface(name=Input Consumer recents_animation_input_consumer)/@0x7aa0eb
07-05 21:34:51.078  1248  1549 D SurfaceControl: nativeSetFlags Done : Surface(name=Input Consumer recents_animation_input_consumer)/@0x7aa0eb
07-05 21:34:51.078  1248 27973 I SystemUiVisibilityPolicyController: handleMessage: entry what = 1
07-05 21:34:51.078  1248  1431 V WindowManager: Relayout hash=f051d09, pid=24200: mAttrs={(0,0)(fillxfill) sim={adjust=resize} ty=BASE_APPLICATION fmt=RGBA_8888 wanim=0x1030001 sysuil=true
07-05 21:34:51.078  1248  1431 V WindowManager:   fl=1810500
07-05 21:34:51.078  1248  1431 V WindowManager:   pfl=12020000
07-05 21:34:51.078  1248  1431 V WindowManager:   vsysui=1706
07-05 21:34:51.078  1248  1431 V WindowManager:   apr=LIGHT_NAVIGATION_BARS
07-05 21:34:51.078  1248  1431 V WindowManager:   bhv=SHOW_TRANSIENT_BARS_BY_SWIPE
07-05 21:34:51.078  1248  1431 V WindowManager:   fitSides= naviIconColor=0
07-05 21:34:51.078  1248  1431 V WindowManager:   sfl=100000}
07-05 21:34:51.078  1248  1431 I SurfaceControl: release : mNativeObject = -5476376656984806320 - Surface(name=com.YourCompany.ObjectPool/com.epicgames.ue4.GameActivity$_24200)/@0x11aade6 / android.view.SurfaceControl.writeToParcel:1136 android.view.IWindowSession$Stub.onTransact:910 com.android.server.wm.Session.onTransact:145 android.os.Binder.execTransactInternal:1190 
07-05 21:34:51.078  1248  1431 I SurfaceControl: nativeRelease nativeObject s[-5476376656984806320]
07-05 21:34:51.078  1248  1431 I SurfaceControl: nativeRelease nativeObject e[-5476376656984806320]
07-05 21:34:51.078  9371  9371 I TrayStateController: systemUiVisibilityChanged : 3 0
07-05 21:34:51.079  9371  9371 E ActivityThread: Failed to find provider info for com.samsung.systemui.navillera.navilleraprovider
07-05 21:34:51.079  9371  9371 I Utils   : isCurrentUser current = 0, ownerId = 0
07-05 21:34:51.079  9371  9371 I TrayVisibilityController: updateTrayVisible: State=1048577 visible=2 mCurrentVisible=1 specificMode=0
07-05 21:34:51.080 24200 24200 I SurfaceControl: assignNativeObject: nativeObject = 0 Surface(name=null)/@0xa248f4f / android.view.SurfaceControl.readFromParcel:1115 android.view.IWindowSession$Stub$Proxy.relayout:1787 android.view.ViewRootImpl.relayoutWindow:8953 android.view.ViewRootImpl.performTraversals:3312 android.view.ViewRootImpl.doTraversal:2575 android.view.ViewRootImpl$TraversalRunnable.run:9916 android.view.Choreographer$CallbackRecord.run:1010 android.view.Choreographer.doCallbacks:809 android.view.Choreographer.doFrame:744 android.view.Choreographer$FrameDisplayEventReceiver.run:995 
07-05 21:34:51.080  9371  9371 I TrayStateController: setUiState 2 : 0 --> 2
07-05 21:34:51.080  1248  1431 D InsetsSourceProvider: updateVisibility: serverVisible=true, clientVisible=false, source=InsetsSource: {mType=ITYPE_NAVIGATION_BAR, mFrame=[0,2274][1080,2400], mVisible=false}, controlTarget=Window{f051d09 u0 com.YourCompany.ObjectPool/com.epicgames.ue4.GameActivity}, from=com.android.server.wm.InsetsSourceProvider.setClientVisible:378 com.android.server.wm.InsetsSourceProvider.onInsetsModified:363 com.android.server.wm.InsetsStateController.onInsetsModified:416 com.android.server.wm.InsetsPolicy.onInsetsModified:320 com.android.server.wm.Session.insetsModified:512 android.view.IWindowSession$Stub.onTransact:1383 com.android.server.wm.Session.onTransact:145 android.os.Binder.execTransactInternal:1195 android.os.Binder.execTransact:1159 <bottom of call stack> 
07-05 21:34:51.080 24200 24200 I ViewRootImpl@30dc2d[GameActivity]: Relayout returned: old=(0,0,1080,2400) new=(0,73,1080,2400) req=(1080,2400)0 dur=6 res=0x7 s={true 3946962592} ch=true fn=-1
07-05 21:34:51.081 24200 24200 I SurfaceView: windowStopped(false) true android.view.SurfaceView{ad376f3 V.E...... ......I. 0,0-0,0} of ViewRootImpl@30dc2d[GameActivity]
07-05 21:34:51.082  1248  1546 D InsetsSourceProvider: updateVisibility: serverVisible=true, clientVisible=false, source=InsetsSource: {mType=ITYPE_NAVIGATION_BAR, mFrame=[0,2274][1080,2400], mVisible=false}, controlTarget=Window{f051d09 u0 com.YourCompany.ObjectPool/com.epicgames.ue4.GameActivity}, from=com.android.server.wm.InsetsSourceProvider.setServerVisible:384 com.android.server.wm.InsetsSourceProvider.onPostLayout:237 com.android.server.wm.InsetsStateController.onPostLayout:390 com.android.server.wm.DisplayContent.applySurfaceChangesTransaction:4868 com.android.server.wm.RootWindowContainer.applySurfaceChangesTransaction:1290 com.android.server.wm.RootWindowContainer.performSurfacePlacementNoTrace:1019 com.android.server.wm.RootWindowContainer.performSurfacePlacement:957 com.android.server.wm.WindowSurfacePlacer.performSurfacePlacementLoop:182 com.android.server.wm.WindowSurfacePlacer.performSurfacePlacement:131 com.android.server.wm.WindowSurfacePlacer.performSurfacePlacement:120 
07-05 21:34:51.082  2270  2270 V Navbar.Store: handleEvent [EventType] ON_NAVBAR_WINDOW_STATE_HIDDEN [Module] NavigationBarFragment
07-05 21:34:51.082  2584  4520 I TouchInteractionService: onSystemUiStateChanged, stateFlags : 2
07-05 21:34:51.083  1044  1664 I Layer   : id=233831 removeFromCurrentState Surface(name=2fa1224 StatusBar)/@0xe153d22 - animation-leash#0 (133)
07-05 21:34:51.083  1044  1664 I Layer   : id=233832 removeFromCurrentState Surface(name=78b24d7 NavigationBar0)/@0xe8758e9 - animation-leash#0 (133)
07-05 21:34:51.084  2584  2584 I TouchInteractionService: onSystemUiFlagsChanged, userUnlocked
07-05 21:34:51.084  1044  1664 W ServiceManager: Permission failure: android.permission.ACCESS_SURFACE_FLINGER from uid=10669 pid=24200
07-05 21:34:51.084  1044  1664 D PermissionCache: checking android.permission.ACCESS_SURFACE_FLINGER for uid=10669 => denied (152 us)
07-05 21:34:51.084  1044  1664 I SurfaceFlinger: id=233840 createSurf (0x0),-1 flag=80004, Bounds for - com.YourCompany.ObjectPool/com.epicgames.ue4.GameActivity@0#0
07-05 21:34:51.085  1044  1663 I SurfaceFlinger: id=233841 createSurf (1080x2327),4 flag=404, SurfaceView - com.YourCompany.ObjectPool/com.epicgames.ue4.GameActivity@ad376f3@0#0
07-05 21:34:51.085  1044  1109 I SurfaceFlinger: id=233842 createSurf (0x0),-1 flag=20404, Background for -SurfaceView - com.YourCompany.ObjectPool/com.epicgames.ue4.GameActivity@ad376f3@0#0
07-05 21:34:51.086 24200 24200 I SurfaceView: surfaceCreated 1 #8 android.view.SurfaceView{ad376f3 V.E...... ......ID 0,0-1080,2327}
07-05 21:34:51.086 24200 24200 I SurfaceView: surfaceChanged (1080,2327) 1 #8 android.view.SurfaceView{ad376f3 V.E...... ......ID 0,0-1080,2327}
07-05 21:34:51.087 24200 27998 D UE4     : Case APP_CMD_INIT_WINDOW
07-05 21:34:51.087 24200 27998 D UE4     : LogAndroidEvents::EnqueueAppEvent : 0, [width=1080, height=2327], tid = 27998, APP_EVENT_STATE_WINDOW_CREATED
07-05 21:34:51.087  1248  1431 V WindowManager: Relayout Window{ff3b1b0 u0 com.samsung.android.app.cocktailbarservice/com.samsung.android.app.cocktailbarservice.CocktailBarService}: viewVisibility=8 req=67x478
07-05 21:34:51.087  1248  1431 E WindowManager: win=Window{ff3b1b0 u0 com.samsung.android.app.cocktailbarservice/com.samsung.android.app.cocktailbarservice.CocktailBarService} destroySurfaces: appStopped=true win.mWindowRemovalAllowed=false win.mRemoveOnExit=false win.mViewVisibility=8 caller=com.android.server.wm.WindowManagerService.tryStartExitingAnimation:2912 com.android.server.wm.WindowManagerService.relayoutWindow:2620 com.android.server.wm.Session.relayout:219 android.view.IWindowSession$Stub.onTransact:856 com.android.server.wm.Session.onTransact:145 android.os.Binder.execTransactInternal:1190 android.os.Binder.execTransact:1159 
07-05 21:34:51.088  1248  1431 I WindowManager: Destroying surface Surface(name=com.samsung.android.app.cocktailbarservice/com.samsung.android.app.cocktailbarservice.CocktailBarService$_9371)/@0xf3c4f27 called by com.android.server.wm.WindowStateAnimator.destroySurface:1794 com.android.server.wm.WindowStateAnimator.destroySurfaceLocked:765 com.android.server.wm.WindowState.destroySurfaceUnchecked:3917 com.android.server.wm.WindowState.destroySurface:3891 com.android.server.wm.WindowManagerService.tryStartExitingAnimation:2912 com.android.server.wm.WindowManagerService.relayoutWindow:2620 com.android.server.wm.Session.relayout:219 android.view.IWindowSession$Stub.onTransact:856 
07-05 21:34:51.088  1248  1431 I SurfaceControl: release : mNativeObject = -5476376656980471616 - Surface(name=com.samsung.android.app.cocktailbarservice/com.samsung.android.app.cocktailbarservice.CocktailBarService$_9371)/@0xf3c4f27 / android.view.SurfaceControl$Transaction.remove:3449 com.android.server.wm.WindowSurfaceController.destroyNotInTransaction:225 com.android.server.wm.WindowStateAnimator.destroySurface:1794 com.android.server.wm.WindowStateAnimator.destroySurfaceLocked:765 
07-05 21:34:51.088  1248  1431 I SurfaceControl: nativeRelease nativeObject s[-5476376656980471616]
07-05 21:34:51.088  1248  1431 I SurfaceControl: nativeRelease nativeObject e[-5476376656980471616]
07-05 21:34:51.088  1044  1664 I Layer   : id=233824 removeFromCurrentState com.samsung.android.app.cocktailbarservice/com.samsung.android.app.cocktailbarservice.CocktailBarService$_9371#0 (136)
07-05 21:34:51.091   950 28022 I sensors-hal: handle_sns_client_event:630, [0][0] gyro_sample_cal(3) [ 0.000,-0.000,-0.001] 2453179015394043
07-05 21:34:51.091  1248  1431 V WindowManager: Relayout hash=ff3b1b0, pid=9371: mAttrs={(0,446)(67x478) gr=TOP LEFT CENTER sim={adjust=nothing} layoutInDisplayCutoutMode=shortEdges ty=2226 fmt=TRANSPARENT
07-05 21:34:51.091  1248  1431 V WindowManager:   fl=81800548
07-05 21:34:51.091  1248  1431 V WindowManager:   pfl=2000050
07-05 21:34:51.091  1248  1431 V WindowManager:   vsysui=610
07-05 21:34:51.091  1248  1431 V WindowManager:   apr=LIGHT_NAVIGATION_BARS
07-05 21:34:51.091  1248  1431 V WindowManager:   bhv=SHOW_TRANSIENT_BARS_BY_SWIPE dimAmount=0.0 dimDuration=0 naviIconColor=0
07-05 21:34:51.091  1248  1431 V WindowManager:   sfl=200000}
07-05 21:34:51.092  9371  9371 I SurfaceControl: release : mNativeObject = 489898006688 - Surface(name=null)/@0x8e84c31 / android.view.SurfaceControl.assignNativeObject:567 android.view.SurfaceControl.readFromParcel:1115 android.view.IWindowSession$Stub$Proxy.relayout:1777 android.view.ViewRootImpl.relayoutWindow:8953 
07-05 21:34:51.092  9371  9371 I SurfaceControl: nativeRelease nativeObject s[489898006688]
07-05 21:34:51.092  9371  9371 I SurfaceControl: nativeRelease nativeObject e[489898006688]
07-05 21:34:51.092  1044  3047 I SurfaceFlinger: id=233824 Removed com.samsung.android.app.cocktailbarservice/com.samsung.android.app.cocktailbarservice.CocktailBarService$_9371#0 (136)
07-05 21:34:51.092  9371  9371 I SurfaceControl: assignNativeObject: nativeObject = 0 Surface(name=null)/@0x8e84c31 / android.view.SurfaceControl.readFromParcel:1115 android.view.IWindowSession$Stub$Proxy.relayout:1777 android.view.ViewRootImpl.relayoutWindow:8953 android.view.ViewRootImpl.performTraversals:3312 android.view.ViewRootImpl.doTraversal:2575 android.view.ViewRootImpl$TraversalRunnable.run:9916 android.view.Choreographer$CallbackRecord.run:1010 android.view.Choreographer.doCallbacks:809 android.view.Choreographer.doFrame:744 android.view.Choreographer$FrameDisplayEventReceiver.run:995 
07-05 21:34:51.092  9371  9371 I SurfaceControl: assignNativeObject: nativeObject = 0 Surface(name=null)/@0xe1eb3bb / android.view.SurfaceControl.readFromParcel:1115 android.view.IWindowSession$Stub$Proxy.relayout:1787 android.view.ViewRootImpl.relayoutWindow:8953 android.view.ViewRootImpl.performTraversals:3312 android.view.ViewRootImpl.doTraversal:2575 android.view.ViewRootImpl$TraversalRunnable.run:9916 android.view.Choreographer$CallbackRecord.run:1010 android.view.Choreographer.doCallbacks:809 android.view.Choreographer.doFrame:744 android.view.Choreographer$FrameDisplayEventReceiver.run:995 
07-05 21:34:51.093  9371  9371 I ViewRootImpl@b897fd[CocktailBarService]: Relayout returned: old=(0,446,67,924) new=(0,446,67,924) req=(67,478)8 dur=5 res=0x5 s={false 0} ch=true fn=3
07-05 21:34:51.093  1248  1549 I SurfaceControl: release : mNativeObject = -5476376656969473728 - Surface(name=Surface(name=78b24d7 NavigationBar0)/@0xe8758e9 - animation-leash)/@0xbf5c5d4 / android.view.-$$Lambda$Rl1VZmNJ0VZDLK0BAbaVGis0rrA.accept:2 android.view.InsetsSourceControl.release:170 android.view.InsetsSourceConsumer.setControl:202 android.view.InsetsController.onControlsChanged:833 
07-05 21:34:51.093  1248  1549 I SurfaceControl: nativeRelease nativeObject s[-5476376656969473728]
07-05 21:34:51.093  1248  1549 I SurfaceControl: nativeRelease nativeObject e[-5476376656969473728]
07-05 21:34:51.093  1044  1663 I SurfaceFlinger: id=233832 Removed Surface(name=78b24d7 NavigationBar0)/@0xe8758e9 - animation-leash#0 (136)
07-05 21:34:51.093  9371  9371 I TrayStateController: putInputRect mDynamicInputRegion=192393432@LastEvent=t=1625488491093Rect(0, 0 - 42, 478),Rect=Rect(0, 0 - 0, 0)
07-05 21:34:51.093  1248  1549 I SurfaceControl: release : mNativeObject = -5476376656976773328 - Surface(name=Surface(name=2fa1224 StatusBar)/@0xe153d22 - animation-leash)/@0xfe4037d / android.view.-$$Lambda$Rl1VZmNJ0VZDLK0BAbaVGis0rrA.accept:2 android.view.InsetsSourceControl.release:170 android.view.InsetsSourceConsumer.setControl:202 android.view.InsetsController.onControlsChanged:833 
07-05 21:34:51.093  1248  1549 I SurfaceControl: nativeRelease nativeObject s[-5476376656976773328]
07-05 21:34:51.093  1248  1549 I SurfaceControl: nativeRelease nativeObject e[-5476376656976773328]
07-05 21:34:51.093  1044  1663 I SurfaceFlinger: id=233831 Removed Surface(name=2fa1224 StatusBar)/@0xe153d22 - animation-leash#0 (136)
07-05 21:34:51.093  1248  1549 D SurfaceControl: hide : mNativeObject = -5476376656984424400 - sc.mNativeObject = -5476376656983626768 - Surface(name=Input Consumer recents_animation_input_consumer)/@0x7aa0eb
07-05 21:34:51.093  1248  1549 D SurfaceControl: nativeSetFlags Done : Surface(name=Input Consumer recents_animation_input_consumer)/@0x7aa0eb
07-05 21:34:51.093  1248  2338 W CocktailBarStatePolicyController: updateWindowType: current window type is requested window type(1)
07-05 21:34:51.094  1248 28031 D TspStateManager: update cmd=set_grip_data,0,0,0,0
07-05 21:34:51.095 24200 28030 I SurfaceView: applySurfaceTransforms: t = android.view.SurfaceControl$Transaction@65df4c8 surfaceControl = Surface(name=SurfaceView - com.YourCompany.ObjectPool/com.epicgames.ue4.GameActivity@ad376f3@0)/@0x1465961 frame = 1
07-05 21:34:51.096 24200 27981 D OpenGLRenderer: GPIS:: SetUp Pid : 24200    Tid : 27981
07-05 21:34:51.097  1248  2338 D WindowManager: finishDrawingWindow: Window{f051d09 u0 com.YourCompany.ObjectPool/com.epicgames.ue4.GameActivity} mDrawState=DRAW_PENDING
07-05 21:34:51.097  1248  1431 D WindowManager: finishDrawingWindow: Window{1a7fce0 u0 com.YourCompany.ObjectPool/com.epicgames.ue4.GameActivity} mDrawState=DRAW_PENDING
07-05 21:34:51.098 24200 24200 D UE4     : [GameActivity] === Restoring Transparent Bars due to Visibility Change ===
07-05 21:34:51.098 24200 24200 D UE4     : [GameActivity] === Restoring Transparent Bars ===
07-05 21:34:51.099 24200 24200 D SurfaceControl: hide : mNativeObject = 3191357200 - sc.mNativeObject = 4038718160 - Surface(name=Surface(name=2fa1224 StatusBar)/@0xe153d22 - animation-leash)/@0xc35cc86
07-05 21:34:51.099 24200 24200 D SurfaceControl: nativeSetFlags Done : Surface(name=Surface(name=2fa1224 StatusBar)/@0xe153d22 - animation-leash)/@0xc35cc86
07-05 21:34:51.100 24200 24200 I ViewRootImpl@7fedc52[GameActivity]: MSG_RESIZED_REPORT: frame=(0,73,1080,2400) ci=(0,0,0,0) vi=(0,0,0,0) or=1
07-05 21:34:51.101 24200 24200 I ViewRootImpl@30dc2d[GameActivity]: MSG_RESIZED_REPORT: frame=(0,73,1080,2400) ci=(0,0,0,0) vi=(0,0,0,0) or=1
07-05 21:34:51.103  1248  1431 V WindowManager: Relayout Window{ff3b1b0 u0 com.samsung.android.app.cocktailbarservice/com.samsung.android.app.cocktailbarservice.CocktailBarService}: viewVisibility=8 req=67x478
07-05 21:34:51.103  1044  1044 I Layer   : id=233832[1] Destroyed Surface(name=78b24d7 NavigationBar0)/@0xe8758e9 - animation-leash#0
07-05 21:34:51.103  1044  1044 I Layer   : id=233831[1] Destroyed Surface(name=2fa1224 StatusBar)/@0xe153d22 - animation-leash#0
07-05 21:34:51.106  1248  1431 D PkgPredictorService: pkg:com.YourCompany.ObjectPool activity:com.epicgames.ue4.GameActivity thisTime:642
07-05 21:34:51.106  1248  1431 D PkgPredictorService-Collector: update activity launch time: GameActivity : 642
07-05 21:34:51.106  1248  1431 I SemDvfsHyPerManager: acquire hyper - AMS_RESUME_TAIL/1248@20, type = -999
07-05 21:34:51.106  1248  1431 I SemDvfsHyPerManager: acquire hyper - AMS_ACT_LAZY/1248@21, type = -999
07-05 21:34:51.106  1248  1431 D ActivityManagerPerformance: AMP_acquire() TAIL
07-05 21:34:51.106  1248  1431 D ActivityManagerPerformance: AMP_release() APP_SWITCH
07-05 21:34:51.106   953  1001 I HYPER-HAL: [RequestManager.cpp]acquire(): Acquired ID : 804566  [1248 / 20]    HINT : AMS_RESUME_TAIL    list : 
07-05 21:34:51.107  1248  1603 D ArtManagerInternalImpl: /data/misc/iorapd/com.YourCompany.ObjectPool/1/com.epicgames.ue4.GameActivity/compiled_traces/compiled_trace.pb doesn't exist
07-05 21:34:51.107  1044  1044 I Layer   : id=233824[1] Destroyed com.samsung.android.app.cocktailbarservice/com.samsung.android.app.cocktailbarservice.CocktailBarService$_9371#0
07-05 21:34:51.108  1248  2338 V WindowManager: Relayout Window{f051d09 u0 com.YourCompany.ObjectPool/com.epicgames.ue4.GameActivity}: viewVisibility=0 req=1080x2327
07-05 21:34:51.109  1248  1431 V WindowManager: Relayout hash=ff3b1b0, pid=9371: mAttrs={(0,446)(67x478) gr=TOP LEFT CENTER sim={adjust=nothing} layoutInDisplayCutoutMode=shortEdges ty=2226 fmt=TRANSPARENT
07-05 21:34:51.109  1248  1431 V WindowManager:   fl=81800548
07-05 21:34:51.109  1248  1431 V WindowManager:   pfl=2000050
07-05 21:34:51.109  1248  1431 V WindowManager:   vsysui=610
07-05 21:34:51.109  1248  1431 V WindowManager:   apr=LIGHT_NAVIGATION_BARS
07-05 21:34:51.109  1248  1431 V WindowManager:   bhv=SHOW_TRANSIENT_BARS_BY_SWIPE dimAmount=0.0 dimDuration=0 naviIconColor=0
07-05 21:34:51.109  1248  1431 V WindowManager:   sfl=200000}
07-05 21:34:51.109  9371  9371 I SurfaceControl: assignNativeObject: nativeObject = 0 Surface(name=null)/@0x8e84c31 / android.view.SurfaceControl.readFromParcel:1115 android.view.IWindowSession$Stub$Proxy.relayout:1777 android.view.ViewRootImpl.relayoutWindow:8953 android.view.ViewRootImpl.performTraversals:3312 android.view.ViewRootImpl.doTraversal:2575 android.view.ViewRootImpl$TraversalRunnable.run:9916 android.view.Choreographer$CallbackRecord.run:1010 android.view.Choreographer.doCallbacks:809 android.view.Choreographer.doFrame:744 android.view.Choreographer$FrameDisplayEventReceiver.run:995 
07-05 21:34:51.109  9371  9371 I SurfaceControl: assignNativeObject: nativeObject = 0 Surface(name=null)/@0xe1eb3bb / android.view.SurfaceControl.readFromParcel:1115 android.view.IWindowSession$Stub$Proxy.relayout:1787 android.view.ViewRootImpl.relayoutWindow:8953 android.view.ViewRootImpl.performTraversals:3312 android.view.ViewRootImpl.doTraversal:2575 android.view.ViewRootImpl$TraversalRunnable.run:9916 android.view.Choreographer$CallbackRecord.run:1010 android.view.Choreographer.doCallbacks:809 android.view.Choreographer.doFrame:744 android.view.Choreographer$FrameDisplayEventReceiver.run:995 
07-05 21:34:51.109   953  1001 I HYPER-HAL: [ResourceManager.cpp]updateResource(): [CPUMinFreq] UpdateResource Request ID : 804566    Value : 1747200
07-05 21:34:51.109  9371  9371 I ViewRootImpl@b897fd[CocktailBarService]: Relayout returned: old=(0,446,67,924) new=(0,446,67,924) req=(67,478)8 dur=6 res=0x1 s={false 0} ch=false fn=-1
07-05 21:34:51.109   953  1001 I HYPER-HAL: [RequestManager.cpp]acquire(): Acquired ID : 805836  [1248 / 21]    HINT : AMS_ACT_LAZY    list : 
07-05 21:34:51.110  1248  2338 V WindowManager: Relayout hash=f051d09, pid=24200: mAttrs={(0,0)(fillxfill) sim={adjust=resize} ty=BASE_APPLICATION fmt=RGBA_8888 wanim=0x1030001 sysuil=true
07-05 21:34:51.110  1248  2338 V WindowManager:   fl=1810500
07-05 21:34:51.110  1248  2338 V WindowManager:   pfl=12020000
07-05 21:34:51.110  1248  2338 V WindowManager:   vsysui=1706
07-05 21:34:51.110  1248  2338 V WindowManager:   apr=LIGHT_NAVIGATION_BARS
07-05 21:34:51.110  1248  2338 V WindowManager:   bhv=SHOW_TRANSIENT_BARS_BY_SWIPE
07-05 21:34:51.110  1248  2338 V WindowManager:   fitSides= naviIconColor=0
07-05 21:34:51.110  1248  2338 V WindowManager:   sfl=100000}
07-05 21:34:51.110  1248  1603 I ActivityTaskManager: Displayed com.YourCompany.ObjectPool/com.epicgames.ue4.GameActivity: +642ms
07-05 21:34:51.110  1248  1603 I Pageboost: Launch time gathered : pid 24200 com.YourCompany.ObjectPool 642
07-05 21:34:51.110  1248  2338 I SurfaceControl: release : mNativeObject = -5476376656981096944 - Surface(name=com.YourCompany.ObjectPool/com.epicgames.ue4.GameActivity$_24200)/@0xedfdfb1 / android.view.SurfaceControl.writeToParcel:1136 android.view.IWindowSession$Stub.onTransact:910 com.android.server.wm.Session.onTransact:145 android.os.Binder.execTransactInternal:1190 
07-05 21:34:51.110  1248  2338 I SurfaceControl: nativeRelease nativeObject s[-5476376656981096944]
07-05 21:34:51.110  1248  2338 I SurfaceControl: nativeRelease nativeObject e[-5476376656981096944]
07-05 21:34:51.110  1044  1044 D SurfaceFlinger: Display 19261213734341249 HWC layers:
07-05 21:34:51.110  1044  1044 D SurfaceFlinger:      DEVICE | 0xb400006dc0a1eff0 | 0000 | RGBA_8888    |    0.0    0.0 1080.0 2400.0 |    0    0 1080 2400 | Splash Screen com.YourCompany.ObjectPool#0
07-05 21:34:51.110  1044  1044 D SurfaceFlinger:      DEVICE | 0xb400006dc0a2af30 | 0000 | RGBA_8888    |    0.0    0.0 1080.0  126.0 |    0 2274 1080 2400 | NavigationBar0$_2270#0
07-05 21:34:51.110  1044  1044 D SurfaceFlinger: 
07-05 21:34:51.111   953  1001 I HYPER-HAL: [ResourceManager.cpp]removeResource(): [CPULittleMinFreq] RemoveResource Request ID : 802029
07-05 21:34:51.112  9371  9371 I CocktailBarUiController: onCocktailBarStateChanged: flag=0x1 vis=2 bgType= showTimeout=-1 activate=true
07-05 21:34:51.112  1248  1549 D SurfaceControl: hide : mNativeObject = -5476376656984424400 - sc.mNativeObject = -5476376656983626768 - Surface(name=Input Consumer recents_animation_input_consumer)/@0x7aa0eb
07-05 21:34:51.112  1248  1549 D SurfaceControl: nativeSetFlags Done : Surface(name=Input Consumer recents_animation_input_consumer)/@0x7aa0eb
07-05 21:34:51.112 24200 24200 I SurfaceControl: release : mNativeObject = 4038794000 - Surface(name=com.YourCompany.ObjectPool/com.epicgames.ue4.GameActivity$_24200)/@0x8ae2a9d / android.view.SurfaceControl.assignNativeObject:567 android.view.SurfaceControl.readFromParcel:1115 android.view.IWindowSession$Stub$Proxy.relayout:1777 android.view.ViewRootImpl.relayoutWindow:8953 
07-05 21:34:51.112 24200 24200 I SurfaceControl: nativeRelease nativeObject s[4038794000]
07-05 21:34:51.112 24200 24200 I SurfaceControl: nativeRelease nativeObject e[4038794000]
07-05 21:34:51.112  1248  1549 I ViewRootImpl@203be49[ObjectPool]: dispatchDetachedFromWindow
07-05 21:34:51.113  1248  1549 I SurfaceControl: release : mNativeObject = -5476376656969065584 - Surface(name=Splash Screen com.YourCompany.ObjectPool)/@0xbebfdf1 / android.view.ViewRootImpl.destroySurface:2441 android.view.ViewRootImpl.dispatchDetachedFromWindow:5658 android.view.ViewRootImpl.doDie:9282 android.view.ViewRootImpl$ViewRootHandler.handleMessage:6133 
07-05 21:34:51.113  1248  1549 I SurfaceControl: nativeRelease nativeObject s[-5476376656969065584]
07-05 21:34:51.113  1248  1549 I SurfaceControl: nativeRelease nativeObject e[-5476376656969065584]
07-05 21:34:51.113 24200 24200 I SurfaceControl: assignNativeObject: nativeObject = 0 Surface(name=null)/@0xa248f4f / android.view.SurfaceControl.readFromParcel:1115 android.view.IWindowSession$Stub$Proxy.relayout:1787 android.view.ViewRootImpl.relayoutWindow:8953 android.view.ViewRootImpl.performTraversals:3312 android.view.ViewRootImpl.doTraversal:2575 android.view.ViewRootImpl$TraversalRunnable.run:9916 android.view.Choreographer$CallbackRecord.run:1010 android.view.Choreographer.doCallbacks:809 android.view.Choreographer.doFrame:744 android.view.Choreographer$FrameDisplayEventReceiver.run:995 
07-05 21:34:51.113  1248  1549 D InputTransport: Input channel destroyed: '508734e', fd=1256
07-05 21:34:51.113  1248  1549 I WindowManager: Reparenting to leash, surface=Surface(name=508734e Splash Screen com.YourCompany.ObjectPool)/@0x9786829, leashParent=Surface(name=ActivityRecord{24e2d75 u0 com.YourCompany.ObjectPool/com.epicgames.ue4.GameActivity t15355})/@0x93dac22
07-05 21:34:51.113  1044  1111 I SurfaceFlinger: id=233843 createSurf (0x0),-1 flag=24000, Surface(name=508734e Splash Screen com.YourCompany.ObjectPool)/@0x9786829 - animation-leash#0
07-05 21:34:51.114   953  1001 I HYPER-HAL: [ResourceManager.cpp]removeResource(): [CPUMinFreq] RemoveResource Request ID : 802029
07-05 21:34:51.114 24200 24200 I SurfaceControl: release : mNativeObject = 4038711520 - Surface(name=Surface(name=78b24d7 NavigationBar0)/@0xe8758e9 - animation-leash)/@0x5922b12 / android.view.-$$Lambda$Rl1VZmNJ0VZDLK0BAbaVGis0rrA.accept:2 android.view.InsetsSourceControl.release:170 android.view.InsetsSourceConsumer.setControl:202 android.view.InsetsController.onControlsChanged:833 
07-05 21:34:51.114  3488  3488 E pageboostd: Received HALT command code 2
07-05 21:34:51.114 24200 24200 I SurfaceControl: nativeRelease nativeObject s[4038711520]
07-05 21:34:51.114 24200 24200 I SurfaceControl: nativeRelease nativeObject e[4038711520]
07-05 21:34:51.114  1248  1549 D WindowManager: makeSurface duration=0 leash=Surface(name=Surface(name=508734e Splash Screen com.YourCompany.ObjectPool)/@0x9786829 - animation-leash)/@0xe00d6b3
07-05 21:34:51.114 24200 24200 I SurfaceControl: release : mNativeObject = 4038718160 - Surface(name=Surface(name=2fa1224 StatusBar)/@0xe153d22 - animation-leash)/@0xc35cc86 / android.view.-$$Lambda$Rl1VZmNJ0VZDLK0BAbaVGis0rrA.accept:2 android.view.InsetsSourceControl.release:170 android.view.InsetsSourceConsumer.setControl:202 android.view.InsetsController.onControlsChanged:833 
07-05 21:34:51.114   953  1001 I HYPER-HAL: [RequestManager.cpp]releaseLocked(): Released ID : 802029
07-05 21:34:51.114 24200 24200 I SurfaceControl: nativeRelease nativeObject s[4038718160]
07-05 21:34:51.114 24200 24200 I SurfaceControl: nativeRelease nativeObject e[4038718160]
07-05 21:34:51.114 24200 24200 I ViewRootImpl@30dc2d[GameActivity]: Relayout returned: old=(0,73,1080,2400) new=(0,73,1080,2400) req=(1080,2327)0 dur=10 res=0x1 s={true 3946962592} ch=false fn=2
07-05 21:34:51.114  1248  1549 D InputTransport: Input channel constructed: 'Letterb', fd=1230
07-05 21:34:51.114  1248  1549 D InputTransport: Input channel constructed: 'Letterb', fd=1237
07-05 21:34:51.114  1248  1549 D InputTransport: Input channel constructed: 'Letterb', fd=1229
07-05 21:34:51.114  1248  1549 D InputTransport: Input channel constructed: 'Letterb', fd=1238
07-05 21:34:51.114  1248  1549 D InputTransport: Input channel constructed: 'Letterb', fd=1240
07-05 21:34:51.114  1248  1549 D InputTransport: Input channel constructed: 'Letterb', fd=1242
07-05 21:34:51.115  1248  1549 D InputTransport: Input channel constructed: 'Letterb', fd=1243
07-05 21:34:51.115  1248  1549 D InputTransport: Input channel constructed: 'Letterb', fd=1244
07-05 21:34:51.115  1044  1663 I SurfaceFlinger: id=233844 createSurf (0x0),-1 flag=20004, Letterbox - top#1
07-05 21:34:51.116  1248  1549 D InputTransport: Input channel destroyed: '508734e', fd=1257
07-05 21:34:51.117  1248  1549 D SurfaceControl: hide : mNativeObject = -5476376656984424400 - sc.mNativeObject = -5476376656983626768 - Surface(name=Input Consumer recents_animation_input_consumer)/@0x7aa0eb
07-05 21:34:51.117  1248  1549 D SurfaceControl: nativeSetFlags Done : Surface(name=Input Consumer recents_animation_input_consumer)/@0x7aa0eb
07-05 21:34:51.120  1248  1431 I InputDispatcher: Focus entered window (24200): f051d09 in display 0 0
07-05 21:34:51.120  1248  1431 V WindowManager: Relayout Window{1a7fce0 u0 com.YourCompany.ObjectPool/com.epicgames.ue4.GameActivity}: viewVisibility=0 req=1080x2327
07-05 21:34:51.121  1248  1549 D SurfaceControl: hide : mNativeObject = -5476376656984424400 - sc.mNativeObject = -5476376656983626768 - Surface(name=Input Consumer recents_animation_input_consumer)/@0x7aa0eb
07-05 21:34:51.121  1248  1549 D SurfaceControl: nativeSetFlags Done : Surface(name=Input Consumer recents_animation_input_consumer)/@0x7aa0eb
07-05 21:34:51.122  1248  1431 V WindowManager: Relayout hash=1a7fce0, pid=24200: mAttrs={(0,0)(fillxfill) gr=CENTER sim={adjust=pan forwardNavigation} ty=APPLICATION fmt=TRANSLUCENT wanim=0x1030001
07-05 21:34:51.122  1248  1431 V WindowManager:   fl=1810508
07-05 21:34:51.122  1248  1431 V WindowManager:   pfl=12020000
07-05 21:34:51.122  1248  1431 V WindowManager:   vsysui=f06
07-05 21:34:51.122  1248  1431 V WindowManager:   apr=LIGHT_NAVIGATION_BARS
07-05 21:34:51.122  1248  1431 V WindowManager:   bhv=SHOW_TRANSIENT_BARS_BY_SWIPE
07-05 21:34:51.122  1248  1431 V WindowManager:   fitSides= naviIconColor=0
07-05 21:34:51.122  1248  1431 V WindowManager:   sfl=100000}
07-05 21:34:51.122  1248  1431 I SurfaceControl: release : mNativeObject = -5476376656980471616 - Surface(name=com.YourCompany.ObjectPool/com.epicgames.ue4.GameActivity$_24200)/@0xe5a8959 / android.view.SurfaceControl.writeToParcel:1136 android.view.IWindowSession$Stub.onTransact:910 com.android.server.wm.Session.onTransact:145 android.os.Binder.execTransactInternal:1190 
07-05 21:34:51.122  1248  1431 I SurfaceControl: nativeRelease nativeObject s[-5476376656980471616]
